Archive member included to satisfy reference by file (symbol)

C:/ST/STM32CubeIDE_1.15.1/STM32CubeIDE/plugins/com.st.stm32cube.ide.mcu.externaltools.gnu-tools-for-stm32.12.3.rel1.win32_1.0.100.202403111256/tools/bin/../lib/gcc/arm-none-eabi/12.3.1/../../../../arm-none-eabi/lib/thumb/v7e-m+fp/hard\libc_nano.a(libc_a-exit.o)
                              C:/ST/STM32CubeIDE_1.15.1/STM32CubeIDE/plugins/com.st.stm32cube.ide.mcu.externaltools.gnu-tools-for-stm32.12.3.rel1.win32_1.0.100.202403111256/tools/bin/../lib/gcc/arm-none-eabi/12.3.1/../../../../arm-none-eabi/lib/thumb/v7e-m+fp/hard/crt0.o (exit)
C:/ST/STM32CubeIDE_1.15.1/STM32CubeIDE/plugins/com.st.stm32cube.ide.mcu.externaltools.gnu-tools-for-stm32.12.3.rel1.win32_1.0.100.202403111256/tools/bin/../lib/gcc/arm-none-eabi/12.3.1/../../../../arm-none-eabi/lib/thumb/v7e-m+fp/hard\libc_nano.a(libc_a-malloc.o)
                              ./Middlewares/ST/STM32_USB_Host_Library/Class/CDC/Src/usbh_cdc.o (malloc)
C:/ST/STM32CubeIDE_1.15.1/STM32CubeIDE/plugins/com.st.stm32cube.ide.mcu.externaltools.gnu-tools-for-stm32.12.3.rel1.win32_1.0.100.202403111256/tools/bin/../lib/gcc/arm-none-eabi/12.3.1/../../../../arm-none-eabi/lib/thumb/v7e-m+fp/hard\libc_nano.a(libc_a-mallocr.o)
                              C:/ST/STM32CubeIDE_1.15.1/STM32CubeIDE/plugins/com.st.stm32cube.ide.mcu.externaltools.gnu-tools-for-stm32.12.3.rel1.win32_1.0.100.202403111256/tools/bin/../lib/gcc/arm-none-eabi/12.3.1/../../../../arm-none-eabi/lib/thumb/v7e-m+fp/hard\libc_nano.a(libc_a-malloc.o) (_malloc_r)
C:/ST/STM32CubeIDE_1.15.1/STM32CubeIDE/plugins/com.st.stm32cube.ide.mcu.externaltools.gnu-tools-for-stm32.12.3.rel1.win32_1.0.100.202403111256/tools/bin/../lib/gcc/arm-none-eabi/12.3.1/../../../../arm-none-eabi/lib/thumb/v7e-m+fp/hard\libc_nano.a(libc_a-mlock.o)
                              C:/ST/STM32CubeIDE_1.15.1/STM32CubeIDE/plugins/com.st.stm32cube.ide.mcu.externaltools.gnu-tools-for-stm32.12.3.rel1.win32_1.0.100.202403111256/tools/bin/../lib/gcc/arm-none-eabi/12.3.1/../../../../arm-none-eabi/lib/thumb/v7e-m+fp/hard\libc_nano.a(libc_a-mallocr.o) (__malloc_lock)
C:/ST/STM32CubeIDE_1.15.1/STM32CubeIDE/plugins/com.st.stm32cube.ide.mcu.externaltools.gnu-tools-for-stm32.12.3.rel1.win32_1.0.100.202403111256/tools/bin/../lib/gcc/arm-none-eabi/12.3.1/../../../../arm-none-eabi/lib/thumb/v7e-m+fp/hard\libc_nano.a(libc_a-findfp.o)
                              C:/ST/STM32CubeIDE_1.15.1/STM32CubeIDE/plugins/com.st.stm32cube.ide.mcu.externaltools.gnu-tools-for-stm32.12.3.rel1.win32_1.0.100.202403111256/tools/bin/../lib/gcc/arm-none-eabi/12.3.1/../../../../arm-none-eabi/lib/thumb/v7e-m+fp/hard\libc_nano.a(libc_a-exit.o) (__stdio_exit_handler)
C:/ST/STM32CubeIDE_1.15.1/STM32CubeIDE/plugins/com.st.stm32cube.ide.mcu.externaltools.gnu-tools-for-stm32.12.3.rel1.win32_1.0.100.202403111256/tools/bin/../lib/gcc/arm-none-eabi/12.3.1/../../../../arm-none-eabi/lib/thumb/v7e-m+fp/hard\libc_nano.a(libc_a-fwalk.o)
                              C:/ST/STM32CubeIDE_1.15.1/STM32CubeIDE/plugins/com.st.stm32cube.ide.mcu.externaltools.gnu-tools-for-stm32.12.3.rel1.win32_1.0.100.202403111256/tools/bin/../lib/gcc/arm-none-eabi/12.3.1/../../../../arm-none-eabi/lib/thumb/v7e-m+fp/hard\libc_nano.a(libc_a-findfp.o) (_fwalk_sglue)
C:/ST/STM32CubeIDE_1.15.1/STM32CubeIDE/plugins/com.st.stm32cube.ide.mcu.externaltools.gnu-tools-for-stm32.12.3.rel1.win32_1.0.100.202403111256/tools/bin/../lib/gcc/arm-none-eabi/12.3.1/../../../../arm-none-eabi/lib/thumb/v7e-m+fp/hard\libc_nano.a(libc_a-stdio.o)
                              C:/ST/STM32CubeIDE_1.15.1/STM32CubeIDE/plugins/com.st.stm32cube.ide.mcu.externaltools.gnu-tools-for-stm32.12.3.rel1.win32_1.0.100.202403111256/tools/bin/../lib/gcc/arm-none-eabi/12.3.1/../../../../arm-none-eabi/lib/thumb/v7e-m+fp/hard\libc_nano.a(libc_a-findfp.o) (__sread)
C:/ST/STM32CubeIDE_1.15.1/STM32CubeIDE/plugins/com.st.stm32cube.ide.mcu.externaltools.gnu-tools-for-stm32.12.3.rel1.win32_1.0.100.202403111256/tools/bin/../lib/gcc/arm-none-eabi/12.3.1/../../../../arm-none-eabi/lib/thumb/v7e-m+fp/hard\libc_nano.a(libc_a-memset.o)
                              C:/ST/STM32CubeIDE_1.15.1/STM32CubeIDE/plugins/com.st.stm32cube.ide.mcu.externaltools.gnu-tools-for-stm32.12.3.rel1.win32_1.0.100.202403111256/tools/bin/../lib/gcc/arm-none-eabi/12.3.1/../../../../arm-none-eabi/lib/thumb/v7e-m+fp/hard/crt0.o (memset)
C:/ST/STM32CubeIDE_1.15.1/STM32CubeIDE/plugins/com.st.stm32cube.ide.mcu.externaltools.gnu-tools-for-stm32.12.3.rel1.win32_1.0.100.202403111256/tools/bin/../lib/gcc/arm-none-eabi/12.3.1/../../../../arm-none-eabi/lib/thumb/v7e-m+fp/hard\libc_nano.a(libc_a-closer.o)
                              C:/ST/STM32CubeIDE_1.15.1/STM32CubeIDE/plugins/com.st.stm32cube.ide.mcu.externaltools.gnu-tools-for-stm32.12.3.rel1.win32_1.0.100.202403111256/tools/bin/../lib/gcc/arm-none-eabi/12.3.1/../../../../arm-none-eabi/lib/thumb/v7e-m+fp/hard\libc_nano.a(libc_a-stdio.o) (_close_r)
[...]
Memory Configuration

Name             Origin             Length             Attributes
CCMRAM           0x10000000         0x00010000         xrw
RAM              0x20000000         0x00020000         xrw
FLASH            0x08000000         0x00100000         xr
*default*        0x00000000         0xffffffff

Linker script and memory map

LOAD C:/ST/STM32CubeIDE_1.15.1/STM32CubeIDE/plugins/com.st.stm32cube.ide.mcu.externaltools.gnu-tools-for-stm32.12.3.rel1.win32_1.0.100.202403111256/tools/bin/../lib/gcc/arm-none-eabi/12.3.1/thumb/v7e-m+fp/hard/crti.o
LOAD C:/ST/STM32CubeIDE_1.15.1/STM32CubeIDE/plugins/com.st.stm32cube.ide.mcu.externaltools.gnu-tools-for-stm32.12.3.rel1.win32_1.0.100.202403111256/tools/bin/../lib/gcc/arm-none-eabi/12.3.1/thumb/v7e-m+fp/hard/crtbegin.o
LOAD C:/ST/STM32CubeIDE_1.15.1/STM32CubeIDE/plugins/com.st.stm32cube.ide.mcu.externaltools.gnu-tools-for-stm32.12.3.rel1.win32_1.0.100.202403111256/tools/bin/../lib/gcc/arm-none-eabi/12.3.1/../../../../arm-none-eabi/lib/thumb/v7e-m+fp/hard/crt0.o
LOAD ./Core/Src/main.o
LOAD ./Core/Src/stm32f4xx_hal_msp.o
LOAD ./Core/Src/stm32f4xx_it.o
LOAD ./Core/Src/syscalls.o
LOAD ./Core/Src/sysmem.o
LOAD ./Core/Src/system_stm32f4xx.o
LOAD ./Core/Startup/startup_stm32f407vgtx.o
LOAD ./Drivers/STM32F4xx_HAL_Driver/Src/stm32f4xx_hal.o
LOAD ./Drivers/STM32F4xx_HAL_Driver/Src/stm32f4xx_hal_adc.o
LOAD ./Drivers/STM32F4xx_HAL_Driver/Src/stm32f4xx_hal_adc_ex.o
LOAD ./Drivers/STM32F4xx_HAL_Driver/Src/stm32f4xx_hal_cortex.o
LOAD ./Drivers/STM32F4xx_HAL_Driver/Src/stm32f4xx_hal_dma.o
LOAD ./Drivers/STM32F4xx_HAL_Driver/Src/stm32f4xx_hal_dma_ex.o
LOAD ./Drivers/STM32F4xx_HAL_Driver/Src/stm32f4xx_hal_exti.o
LOAD ./Drivers/STM32F4xx_HAL_Driver/Src/stm32f4xx_hal_flash.o
LOAD ./Drivers/STM32F4xx_HAL_Driver/Src/stm32f4xx_hal_flash_ex.o
LOAD ./Drivers/STM32F4xx_HAL_Driver/Src/stm32f4xx_hal_flash_ramfunc.o
LOAD ./Drivers/STM32F4xx_HAL_Driver/Src/stm32f4xx_hal_gpio.o
LOAD ./Drivers/STM32F4xx_HAL_Driver/Src/stm32f4xx_hal_hcd.o
LOAD ./Drivers/STM32F4xx_HAL_Driver/Src/stm32f4xx_hal_i2c.o
LOAD ./Drivers/STM32F4xx_HAL_Driver/Src/stm32f4xx_hal_i2c_ex.o
LOAD ./Drivers/STM32F4xx_HAL_Driver/Src/stm32f4xx_hal_pwr.o
LOAD ./Drivers/STM32F4xx_HAL_Driver/Src/stm32f4xx_hal_pwr_ex.o
LOAD ./Drivers/STM32F4xx_HAL_Driver/Src/stm32f4xx_hal_rcc.o
LOAD ./Drivers/STM32F4xx_HAL_Driver/Src/stm32f4xx_hal_rcc_ex.o
LOAD ./Drivers/STM32F4xx_HAL_Driver/Src/stm32f4xx_hal_spi.o
LOAD ./Drivers/STM32F4xx_HAL_Driver/Src/stm32f4xx_hal_tim.o
LOAD ./Drivers/STM32F4xx_HAL_Driver/Src/stm32f4xx_hal_tim_ex.o
LOAD ./Drivers/STM32F4xx_HAL_Driver/Src/stm32f4xx_hal_uart.o
LOAD ./Drivers/STM32F4xx_HAL_Driver/Src/stm32f4xx_ll_adc.o
LOAD ./Drivers/STM32F4xx_HAL_Driver/Src/stm32f4xx_ll_usb.o
LOAD ./Middlewares/ST/STM32_USB_Host_Library/Class/CDC/Src/usbh_cdc.o
LOAD ./Middlewares/ST/STM32_USB_Host_Library/Core/Src/usbh_core.o
LOAD ./Middlewares/ST/STM32_USB_Host_Library/Core/Src/usbh_ctlreq.o
LOAD ./Middlewares/ST/STM32_USB_Host_Library/Core/Src/usbh_ioreq.o
LOAD ./Middlewares/ST/STM32_USB_Host_Library/Core/Src/usbh_pipes.o
LOAD ./USB_HOST/App/usb_host.o
LOAD ./USB_HOST/Target/usbh_conf.o
LOAD ./USB_HOST/Target/usbh_platform.o
START GROUP
LOAD C:/ST/STM32CubeIDE_1.15.1/STM32CubeIDE/plugins/com.st.stm32cube.ide.mcu.externaltools.gnu-tools-for-stm32.12.3.rel1.win32_1.0.100.202403111256/tools/bin/../lib/gcc/arm-none-eabi/12.3.1/../../../../arm-none-eabi/lib/thumb/v7e-m+fp/hard\libc_nano.a
LOAD C:/ST/STM32CubeIDE_1.15.1/STM32CubeIDE/plugins/com.st.stm32cube.ide.mcu.externaltools.gnu-tools-for-stm32.12.3.rel1.win32_1.0.100.202403111256/tools/bin/../lib/gcc/arm-none-eabi/12.3.1/../../../../arm-none-eabi/lib/thumb/v7e-m+fp/hard\libm.a
END GROUP
START GROUP
LOAD C:/ST/STM32CubeIDE_1.15.1/STM32CubeIDE/plugins/com.st.stm32cube.ide.mcu.externaltools.gnu-tools-for-stm32.12.3.rel1.win32_1.0.100.202403111256/tools/bin/../lib/gcc/arm-none-eabi/12.3.1/thumb/v7e-m+fp/hard\libgcc.a
LOAD C:/ST/STM32CubeIDE_1.15.1/STM32CubeIDE/plugins/com.st.stm32cube.ide.mcu.externaltools.gnu-tools-for-stm32.12.3.rel1.win32_1.0.100.202403111256/tools/bin/../lib/gcc/arm-none-eabi/12.3.1/../../../../arm-none-eabi/lib/thumb/v7e-m+fp/hard\libc_nano.a
END GROUP
START GROUP
LOAD C:/ST/STM32CubeIDE_1.15.1/STM32CubeIDE/plugins/com.st.stm32cube.ide.mcu.externaltools.gnu-tools-for-stm32.12.3.rel1.win32_1.0.100.202403111256/tools/bin/../lib/gcc/arm-none-eabi/12.3.1/thumb/v7e-m+fp/hard\libgcc.a
LOAD C:/ST/STM32CubeIDE_1.15.1/STM32CubeIDE/plugins/com.st.stm32cube.ide.mcu.externaltools.gnu-tools-for-stm32.12.3.rel1.win32_1.0.100.202403111256/tools/bin/../lib/gcc/arm-none-eabi/12.3.1/../../../../arm-none-eabi/lib/thumb/v7e-m+fp/hard\libc_nano.a
LOAD C:/ST/STM32CubeIDE_1.15.1/STM32CubeIDE/plugins/com.st.stm32cube.ide.mcu.externaltools.gnu-tools-for-stm32.12.3.rel1.win32_1.0.100.202403111256/tools/bin/../lib/gcc/arm-none-eabi/12.3.1/../../../../arm-none-eabi/lib/thumb/v7e-m+fp/hard\libnosys.a
END GROUP
START GROUP
LOAD C:/ST/STM32CubeIDE_1.15.1/STM32CubeIDE/plugins/com.st.stm32cube.ide.mcu.externaltools.gnu-tools-for-stm32.12.3.rel1.win32_1.0.100.202403111256/tools/bin/../lib/gcc/arm-none-eabi/12.3.1/thumb/v7e-m+fp/hard\libgcc.a
LOAD C:/ST/STM32CubeIDE_1.15.1/STM32CubeIDE/plugins/com.st.stm32cube.ide.mcu.externaltools.gnu-tools-for-stm32.12.3.rel1.win32_1.0.100.202403111256/tools/bin/../lib/gcc/arm-none-eabi/12.3.1/../../../../arm-none-eabi/lib/thumb/v7e-m+fp/hard\libc_nano.a
LOAD C:/ST/STM32CubeIDE_1.15.1/STM32CubeIDE/plugins/com.st.stm32cube.ide.mcu.externaltools.gnu-tools-for-stm32.12.3.rel1.win32_1.0.100.202403111256/tools/bin/../lib/gcc/arm-none-eabi/12.3.1/../../../../arm-none-eabi/lib/thumb/v7e-m+fp/hard\libnosys.a
END GROUP
LOAD C:/ST/STM32CubeIDE_1.15.1/STM32CubeIDE/plugins/com.st.stm32cube.ide.mcu.externaltools.gnu-tools-for-stm32.12.3.rel1.win32_1.0.100.202403111256/tools/bin/../lib/gcc/arm-none-eabi/12.3.1/thumb/v7e-m+fp/hard/crtend.o
LOAD C:/ST/STM32CubeIDE_1.15.1/STM32CubeIDE/plugins/com.st.stm32cube.ide.mcu.externaltools.gnu-tools-for-stm32.12.3.rel1.win32_1.0.100.202403111256/tools/bin/../lib/gcc/arm-none-eabi/12.3.1/thumb/v7e-m+fp/hard/crtn.o
                0x20020000                        _estack = (ORIGIN (RAM) + LENGTH (RAM))
                0x00000200                        _Min_Heap_Size = 0x200
                0x00000400                        _Min_Stack_Size = 0x400

.isr_vector     0x08000000      0x188
                0x08000000                        . = ALIGN (0x4)
 *(.isr_vector)
 .isr_vector    0x08000000      0x188 ./Core/Startup/startup_stm32f407vgtx.o
                0x08000000                g_pfnVectors
                0x08000188                        . = ALIGN (0x4)

.text           0x08000188     0xbcac
                0x08000188                        . = ALIGN (0x4)
 *(.text)
 .text          0x08000188       0x40 C:/ST/STM32CubeIDE_1.15.1/STM32CubeIDE/plugins/com.st.stm32cube.ide.mcu.externaltools.gnu-tools-for-stm32.12.3.rel1.win32_1.0.100.202403111256/tools/bin/../lib/gcc/arm-none-eabi/12.3.1/thumb/v7e-m+fp/hard/crtbegin.o
 .text          0x080001c8       0x30 C:/ST/STM32CubeIDE_1.15.1/STM32CubeIDE/plugins/com.st.stm32cube.ide.mcu.externaltools.gnu-tools-for-stm32.12.3.rel1.win32_1.0.100.202403111256/tools/bin/../lib/gcc/arm-none-eabi/12.3.1/thumb/v7e-m+fp/hard\libgcc.a(_aeabi_uldivmod.o)
                0x080001c8                __aeabi_uldivmod
 .text          0x080001f8      0x2bc C:/ST/STM32CubeIDE_1.15.1/STM32CubeIDE/plugins/com.st.stm32cube.ide.mcu.externaltools.gnu-tools-for-stm32.12.3.rel1.win32_1.0.100.202403111256/tools/bin/../lib/gcc/arm-none-eabi/12.3.1/thumb/v7e-m+fp/hard\libgcc.a(_udivmoddi4.o)
                0x080001f8                __udivmoddi4
 .text          0x080004b4        0x4 C:/ST/STM32CubeIDE_1.15.1/STM32CubeIDE/plugins/com.st.stm32cube.ide.mcu.externaltools.gnu-tools-for-stm32.12.3.rel1.win32_1.0.100.202403111256/tools/bin/../lib/gcc/arm-none-eabi/12.3.1/thumb/v7e-m+fp/hard\libgcc.a(_dvmd_tls.o)
                0x080004b4                __aeabi_idiv0
                0x080004b4                __aeabi_ldiv0
 *(.text*)
 .text.main     0x080004b8      0x104 ./Core/Src/main.o
                0x080004b8                main
 .text.SystemClock_Config
                0x080005bc       0xd4 ./Core/Src/main.o
                0x080005bc                SystemClock_Config
 .text.MX_ADC1_Init
                0x08000690       0xa4 ./Core/Src/main.o
 .text.MX_ADC2_Init
                0x08000734       0xa4 ./Core/Src/main.o
 .text.MX_I2C1_Init
                0x080007d8       0x5c ./Core/Src/main.o
 .text.MX_SPI1_Init
                0x08000834       0x6c ./Core/Src/main.o
 .text.MX_TIM3_Init
                0x080008a0      0x104 ./Core/Src/main.o
 .text.MX_TIM14_Init
                0x080009a4       0x48 ./Core/Src/main.o
 .text.MX_UART5_Init
                0x080009ec       0x54 ./Core/Src/main.o
 .text.MX_DMA_Init
                0x08000a40       0x50 ./Core/Src/main.o
 .text.MX_GPIO_Init
                0x08000a90      0x2a8 ./Core/Src/main.o
 .text.Inicio   0x08000d38      0x120 ./Core/Src/main.o
                0x08000d38                Inicio
 .text.Inicio_Motores
                0x08000e58       0x3c ./Core/Src/main.o
                0x08000e58                Inicio_Motores
 .text.setVelocidadIzquierda
                0x08000e94       0x4c ./Core/Src/main.o
                0x08000e94                setVelocidadIzquierda
 .text.setVelocidadDerecha
                0x08000ee0       0x4c ./Core/Src/main.o
                0x08000ee0                setVelocidadDerecha
 .text.Sensor_Linea
                0x08000f2c       0x20 ./Core/Src/main.o
                0x08000f2c                Sensor_Linea
 .text.antirebote
                0x08000f4c       0x88 ./Core/Src/main.o
                0x08000f4c                antirebote
 .text.Centrado
                0x08000fd4      0x118 ./Core/Src/main.o
                0x08000fd4                Centrado
 .text.Avanzar  0x080010ec       0x3c ./Core/Src/main.o
                0x080010ec                Avanzar
 .text.Frenar   0x08001128       0x3c ./Core/Src/main.o
                0x08001128                Frenar
 .text.Girar    0x08001164      0x104 ./Core/Src/main.o
                0x08001164                Girar
 .text.calcular_orientacion
                0x08001268       0x78 ./Core/Src/main.o
                0x08001268                calcular_orientacion
 .text.posicion
                0x080012e0       0x98 ./Core/Src/main.o
                0x080012e0                posicion
 .text.InicializarMapa
                0x08001378       0xb6 ./Core/Src/main.o
                0x08001378                InicializarMapa
 *fill*         0x0800142e        0x2 
 .text.ActualizarPesos
                0x08001430       0xb0 ./Core/Src/main.o
                0x08001430                ActualizarPesos
 .text.PrioridadDeGiro
                0x080014e0       0x6c ./Core/Src/main.o
                0x080014e0                PrioridadDeGiro
 .text.Calibrar_Sensores
                0x0800154c       0x90 ./Core/Src/main.o
                0x0800154c                Calibrar_Sensores
 .text.DirMin   0x080015dc       0xcc ./Core/Src/main.o
                0x080015dc                DirMin
 .text.HAL_GPIO_EXTI_Callback
                0x080016a8       0x30 ./Core/Src/main.o
                0x080016a8                HAL_GPIO_EXTI_Callback
 .text.HAL_ADC_ConvHalfCpltCallback
                0x080016d8       0x44 ./Core/Src/main.o
                0x080016d8                HAL_ADC_ConvHalfCpltCallback
 .text.HAL_ADC_ConvCpltCallback
                0x0800171c       0x44 ./Core/Src/main.o
                0x0800171c                HAL_ADC_ConvCpltCallback
 .text.Promediar1
                0x08001760       0x4c ./Core/Src/main.o
                0x08001760                Promediar1
 .text.Promediar2
                0x080017ac       0x4c ./Core/Src/main.o
                0x080017ac                Promediar2
 .text.EncenderTodos
                0x080017f8       0x30 ./Core/Src/main.o
                0x080017f8                EncenderTodos
 .text.ApagarTodos
                0x08001828       0x30 ./Core/Src/main.o
                0x08001828                ApagarTodos
 .text.EncenderLed
                0x08001858       0x5c ./Core/Src/main.o
                0x08001858                EncenderLed
 .text.ApagarLed
                0x080018b4       0x5c ./Core/Src/main.o
                0x080018b4                ApagarLed
 .text.Error_Handler
                0x08001910        0xc ./Core/Src/main.o
                0x08001910                Error_Handler
 .text.HAL_MspInit
                0x0800191c       0x50 ./Core/Src/stm32f4xx_hal_msp.o
                0x0800191c                HAL_MspInit
 .text.HAL_ADC_MspInit
                0x0800196c      0x1b8 ./Core/Src/stm32f4xx_hal_msp.o
                0x0800196c                HAL_ADC_MspInit
 .text.HAL_I2C_MspInit
                0x08001b24       0x90 ./Core/Src/stm32f4xx_hal_msp.o
                0x08001b24                HAL_I2C_MspInit
 .text.HAL_SPI_MspInit
                0x08001bb4       0x90 ./Core/Src/stm32f4xx_hal_msp.o
                0x08001bb4                HAL_SPI_MspInit
 .text.HAL_TIM_Base_MspInit
                0x08001c44       0x70 ./Core/Src/stm32f4xx_hal_msp.o
                0x08001c44                HAL_TIM_Base_MspInit
 .text.HAL_TIM_MspPostInit
                0x08001cb4       0x74 ./Core/Src/stm32f4xx_hal_msp.o
                0x08001cb4                HAL_TIM_MspPostInit
 .text.HAL_UART_MspInit
                0x08001d28       0xe0 ./Core/Src/stm32f4xx_hal_msp.o
                0x08001d28                HAL_UART_MspInit
 .text.NMI_Handler
                0x08001e08        0x8 ./Core/Src/stm32f4xx_it.o
                0x08001e08                NMI_Handler
 .text.HardFault_Handler
                0x08001e10        0x8 ./Core/Src/stm32f4xx_it.o
                0x08001e10                HardFault_Handler
 .text.MemManage_Handler
                0x08001e18        0x8 ./Core/Src/stm32f4xx_it.o
                0x08001e18                MemManage_Handler
 .text.BusFault_Handler
                0x08001e20        0x8 ./Core/Src/stm32f4xx_it.o
                0x08001e20                BusFault_Handler
 .text.UsageFault_Handler
                0x08001e28        0x8 ./Core/Src/stm32f4xx_it.o
                0x08001e28                UsageFault_Handler
 .text.SVC_Handler
                0x08001e30        0xe ./Core/Src/stm32f4xx_it.o
                0x08001e30                SVC_Handler
 .text.DebugMon_Handler
                0x08001e3e        0xe ./Core/Src/stm32f4xx_it.o
                0x08001e3e                DebugMon_Handler
 .text.PendSV_Handler
                0x08001e4c        0xe ./Core/Src/stm32f4xx_it.o
                0x08001e4c                PendSV_Handler
 .text.SysTick_Handler
                0x08001e5a        0xc ./Core/Src/stm32f4xx_it.o
                0x08001e5a                SysTick_Handler
 .text.EXTI9_5_IRQHandler
                0x08001e66        0xe ./Core/Src/stm32f4xx_it.o
                0x08001e66                EXTI9_5_IRQHandler
 .text.UART5_IRQHandler
                0x08001e74       0x14 ./Core/Src/stm32f4xx_it.o
                0x08001e74                UART5_IRQHandler
 .text.DMA2_Stream0_IRQHandler
                0x08001e88       0x14 ./Core/Src/stm32f4xx_it.o
                0x08001e88                DMA2_Stream0_IRQHandler
 .text.DMA2_Stream2_IRQHandler
                0x08001e9c       0x14 ./Core/Src/stm32f4xx_it.o
                0x08001e9c                DMA2_Stream2_IRQHandler
 .text.OTG_FS_IRQHandler
                0x08001eb0       0x14 ./Core/Src/stm32f4xx_it.o
                0x08001eb0                OTG_FS_IRQHandler
 .text._sbrk    0x08001ec4       0x6c ./Core/Src/sysmem.o
                0x08001ec4                _sbrk
 .text.SystemInit
                0x08001f30       0x24 ./Core/Src/system_stm32f4xx.o
                0x08001f30                SystemInit
 .text.Reset_Handler
                0x08001f54       0x50 ./Core/Startup/startup_stm32f407vgtx.o
                0x08001f54                Reset_Handler
 .text.Default_Handler
                0x08001fa4        0x2 ./Core/Startup/startup_stm32f407vgtx.o
                0x08001fa4                RTC_Alarm_IRQHandler
                0x08001fa4                HASH_RNG_IRQHandler
                0x08001fa4                EXTI2_IRQHandler
                0x08001fa4                TIM8_CC_IRQHandler
                0x08001fa4                TIM1_CC_IRQHandler
                0x08001fa4                DMA2_Stream5_IRQHandler
                0x08001fa4                DMA1_Stream5_IRQHandler
                0x08001fa4                PVD_IRQHandler
                0x08001fa4                SDIO_IRQHandler
                0x08001fa4                TAMP_STAMP_IRQHandler
                0x08001fa4                CAN2_RX1_IRQHandler
                0x08001fa4                EXTI3_IRQHandler
                0x08001fa4                TIM8_TRG_COM_TIM14_IRQHandler
                0x08001fa4                TIM1_UP_TIM10_IRQHandler
                0x08001fa4                TIM8_UP_TIM13_IRQHandler
                0x08001fa4                I2C3_ER_IRQHandler
                0x08001fa4                EXTI0_IRQHandler
                0x08001fa4                I2C2_EV_IRQHandler
                0x08001fa4                DMA1_Stream2_IRQHandler
                0x08001fa4                CAN1_RX0_IRQHandler
                0x08001fa4                FPU_IRQHandler
                0x08001fa4                OTG_HS_WKUP_IRQHandler
                0x08001fa4                CAN2_SCE_IRQHandler
                0x08001fa4                SPI1_IRQHandler
                0x08001fa4                TIM6_DAC_IRQHandler
                0x08001fa4                TIM1_BRK_TIM9_IRQHandler
                0x08001fa4                DCMI_IRQHandler
                0x08001fa4                CAN2_RX0_IRQHandler
                0x08001fa4                DMA2_Stream3_IRQHandler
                0x08001fa4                USART6_IRQHandler
                0x08001fa4                USART3_IRQHandler
                0x08001fa4                CAN1_RX1_IRQHandler
                0x08001fa4                TIM4_IRQHandler
                0x08001fa4                I2C1_EV_IRQHandler
                0x08001fa4                DMA1_Stream6_IRQHandler
                0x08001fa4                DMA1_Stream1_IRQHandler
                0x08001fa4                UART4_IRQHandler
                0x08001fa4                TIM3_IRQHandler
                0x08001fa4                RCC_IRQHandler
                0x08001fa4                TIM8_BRK_TIM12_IRQHandler
                0x08001fa4                Default_Handler
                0x08001fa4                EXTI15_10_IRQHandler
                0x08001fa4                ADC_IRQHandler
                0x08001fa4                DMA1_Stream7_IRQHandler
                0x08001fa4                TIM7_IRQHandler
                0x08001fa4                CAN2_TX_IRQHandler
                0x08001fa4                TIM5_IRQHandler
                0x08001fa4                DMA2_Stream7_IRQHandler
                0x08001fa4                I2C3_EV_IRQHandler
                0x08001fa4                RTC_WKUP_IRQHandler
                0x08001fa4                ETH_WKUP_IRQHandler
                0x08001fa4                SPI2_IRQHandler
                0x08001fa4                OTG_HS_EP1_IN_IRQHandler
                0x08001fa4                DMA1_Stream0_IRQHandler
                0x08001fa4                CAN1_TX_IRQHandler
                0x08001fa4                EXTI4_IRQHandler
                0x08001fa4                FSMC_IRQHandler
                0x08001fa4                ETH_IRQHandler
                0x08001fa4                OTG_HS_EP1_OUT_IRQHandler
                0x08001fa4                WWDG_IRQHandler
                0x08001fa4                TIM2_IRQHandler
                0x08001fa4                OTG_FS_WKUP_IRQHandler
                0x08001fa4                TIM1_TRG_COM_TIM11_IRQHandler
                0x08001fa4                OTG_HS_IRQHandler
                0x08001fa4                EXTI1_IRQHandler
                0x08001fa4                USART2_IRQHandler
                0x08001fa4                I2C2_ER_IRQHandler
                0x08001fa4                DMA2_Stream1_IRQHandler
                0x08001fa4                CAN1_SCE_IRQHandler
                0x08001fa4                FLASH_IRQHandler
                0x08001fa4                DMA2_Stream4_IRQHandler
                0x08001fa4                USART1_IRQHandler
                0x08001fa4                SPI3_IRQHandler
                0x08001fa4                DMA1_Stream4_IRQHandler
                0x08001fa4                I2C1_ER_IRQHandler
                0x08001fa4                DMA2_Stream6_IRQHandler
                0x08001fa4                DMA1_Stream3_IRQHandler
 *fill*         0x08001fa6        0x2 
 .text.HAL_Init
                0x08001fa8       0x44 ./Drivers/STM32F4xx_HAL_Driver/Src/stm32f4xx_hal.o
                0x08001fa8                HAL_Init
 .text.HAL_InitTick
                0x08001fec       0x60 ./Drivers/STM32F4xx_HAL_Driver/Src/stm32f4xx_hal.o
                0x08001fec                HAL_InitTick
 .text.HAL_IncTick
                0x0800204c       0x28 ./Drivers/STM32F4xx_HAL_Driver/Src/stm32f4xx_hal.o
                0x0800204c                HAL_IncTick
 .text.HAL_GetTick
                0x08002074       0x18 ./Drivers/STM32F4xx_HAL_Driver/Src/stm32f4xx_hal.o
                0x08002074                HAL_GetTick
 .text.HAL_Delay
                0x0800208c       0x48 ./Drivers/STM32F4xx_HAL_Driver/Src/stm32f4xx_hal.o
                0x0800208c                HAL_Delay
 .text.HAL_ADC_Init
                0x080020d4       0x86 ./Drivers/STM32F4xx_HAL_Driver/Src/stm32f4xx_hal_adc.o
                0x080020d4                HAL_ADC_Init
 *fill*         0x0800215a        0x2 
 .text.HAL_ADC_Start_DMA
                0x0800215c      0x228 ./Drivers/STM32F4xx_HAL_Driver/Src/stm32f4xx_hal_adc.o
                0x0800215c                HAL_ADC_Start_DMA
 .text.HAL_ADC_ErrorCallback
                0x08002384       0x14 ./Drivers/STM32F4xx_HAL_Driver/Src/stm32f4xx_hal_adc.o
                0x08002384                HAL_ADC_ErrorCallback
 .text.HAL_ADC_ConfigChannel
                0x08002398      0x244 ./Drivers/STM32F4xx_HAL_Driver/Src/stm32f4xx_hal_adc.o
                0x08002398                HAL_ADC_ConfigChannel
 .text.ADC_Init
                0x080025dc      0x1f8 ./Drivers/STM32F4xx_HAL_Driver/Src/stm32f4xx_hal_adc.o
 .text.ADC_DMAConvCplt
                0x080027d4       0xba ./Drivers/STM32F4xx_HAL_Driver/Src/stm32f4xx_hal_adc.o
 .text.ADC_DMAHalfConvCplt
                0x0800288e       0x1c ./Drivers/STM32F4xx_HAL_Driver/Src/stm32f4xx_hal_adc.o
 .text.ADC_DMAError
                0x080028aa       0x2e ./Drivers/STM32F4xx_HAL_Driver/Src/stm32f4xx_hal_adc.o
 .text.__NVIC_SetPriorityGrouping
                0x080028d8       0x48 ./Drivers/STM32F4xx_HAL_Driver/Src/stm32f4xx_hal_cortex.o
 .text.__NVIC_GetPriorityGrouping
                0x08002920       0x1c ./Drivers/STM32F4xx_HAL_Driver/Src/stm32f4xx_hal_cortex.o
 .text.__NVIC_EnableIRQ
                0x0800293c       0x3c ./Drivers/STM32F4xx_HAL_Driver/Src/stm32f4xx_hal_cortex.o
 .text.__NVIC_SetPriority
                0x08002978       0x54 ./Drivers/STM32F4xx_HAL_Driver/Src/stm32f4xx_hal_cortex.o
 .text.NVIC_EncodePriority
                0x080029cc       0x66 ./Drivers/STM32F4xx_HAL_Driver/Src/stm32f4xx_hal_cortex.o
 *fill*         0x08002a32        0x2 
 .text.SysTick_Config
                0x08002a34       0x44 ./Drivers/STM32F4xx_HAL_Driver/Src/stm32f4xx_hal_cortex.o
 .text.HAL_NVIC_SetPriorityGrouping
                0x08002a78       0x16 ./Drivers/STM32F4xx_HAL_Driver/Src/stm32f4xx_hal_cortex.o
                0x08002a78                HAL_NVIC_SetPriorityGrouping
 .text.HAL_NVIC_SetPriority
                0x08002a8e       0x38 ./Drivers/STM32F4xx_HAL_Driver/Src/stm32f4xx_hal_cortex.o
                0x08002a8e                HAL_NVIC_SetPriority
 .text.HAL_NVIC_EnableIRQ
                0x08002ac6       0x1c ./Drivers/STM32F4xx_HAL_Driver/Src/stm32f4xx_hal_cortex.o
                0x08002ac6                HAL_NVIC_EnableIRQ
 .text.HAL_SYSTICK_Config
                0x08002ae2       0x18 ./Drivers/STM32F4xx_HAL_Driver/Src/stm32f4xx_hal_cortex.o
                0x08002ae2                HAL_SYSTICK_Config
 *fill*         0x08002afa        0x2 
 .text.HAL_DMA_Init
                0x08002afc      0x15c ./Drivers/STM32F4xx_HAL_Driver/Src/stm32f4xx_hal_dma.o
                0x08002afc                HAL_DMA_Init
 .text.HAL_DMA_Start_IT
                0x08002c58       0xb0 ./Drivers/STM32F4xx_HAL_Driver/Src/stm32f4xx_hal_dma.o
                0x08002c58                HAL_DMA_Start_IT
 .text.HAL_DMA_Abort
                0x08002d08       0xe0 ./Drivers/STM32F4xx_HAL_Driver/Src/stm32f4xx_hal_dma.o
                0x08002d08                HAL_DMA_Abort
 .text.HAL_DMA_Abort_IT
                0x08002de8       0x44 ./Drivers/STM32F4xx_HAL_Driver/Src/stm32f4xx_hal_dma.o
                0x08002de8                HAL_DMA_Abort_IT
 .text.HAL_DMA_IRQHandler
                0x08002e2c      0x314 ./Drivers/STM32F4xx_HAL_Driver/Src/stm32f4xx_hal_dma.o
                0x08002e2c                HAL_DMA_IRQHandler
 .text.DMA_SetConfig
                0x08003140       0x5c ./Drivers/STM32F4xx_HAL_Driver/Src/stm32f4xx_hal_dma.o
 .text.DMA_CalcBaseAndBitshift
                0x0800319c       0x6c ./Drivers/STM32F4xx_HAL_Driver/Src/stm32f4xx_hal_dma.o
 .text.DMA_CheckFifoParam
                0x08003208       0xf8 ./Drivers/STM32F4xx_HAL_Driver/Src/stm32f4xx_hal_dma.o
 .text.HAL_GPIO_Init
                0x08003300      0x338 ./Drivers/STM32F4xx_HAL_Driver/Src/stm32f4xx_hal_gpio.o
                0x08003300                HAL_GPIO_Init
 .text.HAL_GPIO_ReadPin
                0x08003638       0x30 ./Drivers/STM32F4xx_HAL_Driver/Src/stm32f4xx_hal_gpio.o
                0x08003638                HAL_GPIO_ReadPin
 .text.HAL_GPIO_WritePin
                0x08003668       0x32 ./Drivers/STM32F4xx_HAL_Driver/Src/stm32f4xx_hal_gpio.o
                0x08003668                HAL_GPIO_WritePin
 *fill*         0x0800369a        0x2 
 .text.HAL_GPIO_EXTI_IRQHandler
                0x0800369c       0x30 ./Drivers/STM32F4xx_HAL_Driver/Src/stm32f4xx_hal_gpio.o
                0x0800369c                HAL_GPIO_EXTI_IRQHandler
 .text.HAL_HCD_Init
                0x080036cc       0xce ./Drivers/STM32F4xx_HAL_Driver/Src/stm32f4xx_hal_hcd.o
                0x080036cc                HAL_HCD_Init
 .text.HAL_HCD_HC_Init
                0x0800379a      0x170 ./Drivers/STM32F4xx_HAL_Driver/Src/stm32f4xx_hal_hcd.o
                0x0800379a                HAL_HCD_HC_Init
 .text.HAL_HCD_HC_Halt
                0x0800390a       0x46 ./Drivers/STM32F4xx_HAL_Driver/Src/stm32f4xx_hal_hcd.o
                0x0800390a                HAL_HCD_HC_Halt
 .text.HAL_HCD_HC_SubmitRequest
                0x08003950      0x33c ./Drivers/STM32F4xx_HAL_Driver/Src/stm32f4xx_hal_hcd.o
                0x08003950                HAL_HCD_HC_SubmitRequest
 .text.HAL_HCD_IRQHandler
                0x08003c8c      0x220 ./Drivers/STM32F4xx_HAL_Driver/Src/stm32f4xx_hal_hcd.o
                0x08003c8c                HAL_HCD_IRQHandler
 .text.HAL_HCD_Start
                0x08003eac       0x46 ./Drivers/STM32F4xx_HAL_Driver/Src/stm32f4xx_hal_hcd.o
                0x08003eac                HAL_HCD_Start
 .text.HAL_HCD_Stop
                0x08003ef2       0x3a ./Drivers/STM32F4xx_HAL_Driver/Src/stm32f4xx_hal_hcd.o
                0x08003ef2                HAL_HCD_Stop
 .text.HAL_HCD_ResetPort
                0x08003f2c       0x1c ./Drivers/STM32F4xx_HAL_Driver/Src/stm32f4xx_hal_hcd.o
                0x08003f2c                HAL_HCD_ResetPort
 .text.HAL_HCD_HC_GetURBState
                0x08003f48       0x2a ./Drivers/STM32F4xx_HAL_Driver/Src/stm32f4xx_hal_hcd.o
                0x08003f48                HAL_HCD_HC_GetURBState
 .text.HAL_HCD_HC_GetXferCount
                0x08003f72       0x2a ./Drivers/STM32F4xx_HAL_Driver/Src/stm32f4xx_hal_hcd.o
                0x08003f72                HAL_HCD_HC_GetXferCount
 .text.HAL_HCD_GetCurrentFrame
                0x08003f9c       0x1c ./Drivers/STM32F4xx_HAL_Driver/Src/stm32f4xx_hal_hcd.o
                0x08003f9c                HAL_HCD_GetCurrentFrame
 .text.HAL_HCD_GetCurrentSpeed
                0x08003fb8       0x1c ./Drivers/STM32F4xx_HAL_Driver/Src/stm32f4xx_hal_hcd.o
                0x08003fb8                HAL_HCD_GetCurrentSpeed
 .text.HAL_HCD_HC_ClearHubInfo
                0x08003fd4       0x6a ./Drivers/STM32F4xx_HAL_Driver/Src/stm32f4xx_hal_hcd.o
                0x08003fd4                HAL_HCD_HC_ClearHubInfo
 .text.HCD_HC_IN_IRQHandler
                0x0800403e      0xcd2 ./Drivers/STM32F4xx_HAL_Driver/Src/stm32f4xx_hal_hcd.o
 .text.HCD_HC_OUT_IRQHandler
                0x08004d10      0x97e ./Drivers/STM32F4xx_HAL_Driver/Src/stm32f4xx_hal_hcd.o
 .text.HCD_RXQLVL_IRQHandler
                0x0800568e      0x1be ./Drivers/STM32F4xx_HAL_Driver/Src/stm32f4xx_hal_hcd.o
 .text.HCD_Port_IRQHandler
                0x0800584c       0xe6 ./Drivers/STM32F4xx_HAL_Driver/Src/stm32f4xx_hal_hcd.o
 *fill*         0x08005932        0x2 
 .text.HAL_I2C_Init
                0x08005934      0x288 ./Drivers/STM32F4xx_HAL_Driver/Src/stm32f4xx_hal_i2c.o
                0x08005934                HAL_I2C_Init
 .text.HAL_RCC_OscConfig
                0x08005bbc      0x4f0 ./Drivers/STM32F4xx_HAL_Driver/Src/stm32f4xx_hal_rcc.o
                0x08005bbc                HAL_RCC_OscConfig
 .text.HAL_RCC_ClockConfig
                0x080060ac      0x1cc ./Drivers/STM32F4xx_HAL_Driver/Src/stm32f4xx_hal_rcc.o
                0x080060ac                HAL_RCC_ClockConfig
 .text.HAL_RCC_GetSysClockFreq
                0x08006278      0x20c ./Drivers/STM32F4xx_HAL_Driver/Src/stm32f4xx_hal_rcc.o
                0x08006278                HAL_RCC_GetSysClockFreq
 .text.HAL_RCC_GetHCLKFreq
                0x08006484       0x18 ./Drivers/STM32F4xx_HAL_Driver/Src/stm32f4xx_hal_rcc.o
                0x08006484                HAL_RCC_GetHCLKFreq
 .text.HAL_RCC_GetPCLK1Freq
                0x0800649c       0x28 ./Drivers/STM32F4xx_HAL_Driver/Src/stm32f4xx_hal_rcc.o
                0x0800649c                HAL_RCC_GetPCLK1Freq
 .text.HAL_RCC_GetPCLK2Freq
                0x080064c4       0x28 ./Drivers/STM32F4xx_HAL_Driver/Src/stm32f4xx_hal_rcc.o
                0x080064c4                HAL_RCC_GetPCLK2Freq
 .text.HAL_SPI_Init
                0x080064ec      0x112 ./Drivers/STM32F4xx_HAL_Driver/Src/stm32f4xx_hal_spi.o
                0x080064ec                HAL_SPI_Init
 .text.HAL_TIM_Base_Init
                0x080065fe       0x9e ./Drivers/STM32F4xx_HAL_Driver/Src/stm32f4xx_hal_tim.o
                0x080065fe                HAL_TIM_Base_Init
 .text.HAL_TIM_PWM_Init
                0x0800669c       0x9e ./Drivers/STM32F4xx_HAL_Driver/Src/stm32f4xx_hal_tim.o
                0x0800669c                HAL_TIM_PWM_Init
 .text.HAL_TIM_PWM_MspInit
                0x0800673a       0x14 ./Drivers/STM32F4xx_HAL_Driver/Src/stm32f4xx_hal_tim.o
                0x0800673a                HAL_TIM_PWM_MspInit
 *fill*         0x0800674e        0x2 
 .text.HAL_TIM_PWM_Start
                0x08006750      0x190 ./Drivers/STM32F4xx_HAL_Driver/Src/stm32f4xx_hal_tim.o
                0x08006750                HAL_TIM_PWM_Start
 .text.HAL_TIM_PWM_ConfigChannel
                0x080068e0      0x184 ./Drivers/STM32F4xx_HAL_Driver/Src/stm32f4xx_hal_tim.o
                0x080068e0                HAL_TIM_PWM_ConfigChannel
 .text.HAL_TIM_ConfigClockSource
                0x08006a64      0x18e ./Drivers/STM32F4xx_HAL_Driver/Src/stm32f4xx_hal_tim.o
                0x08006a64                HAL_TIM_ConfigClockSource
 *fill*         0x08006bf2        0x2 
 .text.TIM_Base_SetConfig
                0x08006bf4      0x14c ./Drivers/STM32F4xx_HAL_Driver/Src/stm32f4xx_hal_tim.o
                0x08006bf4                TIM_Base_SetConfig
 .text.TIM_OC1_SetConfig
                0x08006d40       0xe0 ./Drivers/STM32F4xx_HAL_Driver/Src/stm32f4xx_hal_tim.o
 .text.TIM_OC2_SetConfig
                0x08006e20       0xec ./Drivers/STM32F4xx_HAL_Driver/Src/stm32f4xx_hal_tim.o
                0x08006e20                TIM_OC2_SetConfig
 .text.TIM_OC3_SetConfig
                0x08006f0c       0xe8 ./Drivers/STM32F4xx_HAL_Driver/Src/stm32f4xx_hal_tim.o
 .text.TIM_OC4_SetConfig
                0x08006ff4       0xac ./Drivers/STM32F4xx_HAL_Driver/Src/stm32f4xx_hal_tim.o
 .text.TIM_TI1_ConfigInputStage
                0x080070a0       0x5e ./Drivers/STM32F4xx_HAL_Driver/Src/stm32f4xx_hal_tim.o
 .text.TIM_TI2_ConfigInputStage
                0x080070fe       0x60 ./Drivers/STM32F4xx_HAL_Driver/Src/stm32f4xx_hal_tim.o
 .text.TIM_ITRx_SetConfig
                0x0800715e       0x36 ./Drivers/STM32F4xx_HAL_Driver/Src/stm32f4xx_hal_tim.o
 .text.TIM_ETR_SetConfig
                0x08007194       0x40 ./Drivers/STM32F4xx_HAL_Driver/Src/stm32f4xx_hal_tim.o
                0x08007194                TIM_ETR_SetConfig
 .text.TIM_CCxChannelCmd
                0x080071d4       0x4a ./Drivers/STM32F4xx_HAL_Driver/Src/stm32f4xx_hal_tim.o
                0x080071d4                TIM_CCxChannelCmd
 *fill*         0x0800721e        0x2 
 .text.HAL_TIMEx_MasterConfigSynchronization
                0x08007220       0xf8 ./Drivers/STM32F4xx_HAL_Driver/Src/stm32f4xx_hal_tim_ex.o
                0x08007220                HAL_TIMEx_MasterConfigSynchronization
 .text.HAL_UART_Init
                0x08007318       0xa0 ./Drivers/STM32F4xx_HAL_Driver/Src/stm32f4xx_hal_uart.o
                0x08007318                HAL_UART_Init
 .text.HAL_UART_IRQHandler
                0x080073b8      0x554 ./Drivers/STM32F4xx_HAL_Driver/Src/stm32f4xx_hal_uart.o
                0x080073b8                HAL_UART_IRQHandler
 .text.HAL_UART_TxCpltCallback
                0x0800790c       0x14 ./Drivers/STM32F4xx_HAL_Driver/Src/stm32f4xx_hal_uart.o
                0x0800790c                HAL_UART_TxCpltCallback
 .text.HAL_UART_RxCpltCallback
                0x08007920       0x14 ./Drivers/STM32F4xx_HAL_Driver/Src/stm32f4xx_hal_uart.o
                0x08007920                HAL_UART_RxCpltCallback
 .text.HAL_UART_ErrorCallback
                0x08007934       0x14 ./Drivers/STM32F4xx_HAL_Driver/Src/stm32f4xx_hal_uart.o
                0x08007934                HAL_UART_ErrorCallback
 .text.HAL_UARTEx_RxEventCallback
                0x08007948       0x18 ./Drivers/STM32F4xx_HAL_Driver/Src/stm32f4xx_hal_uart.o
                0x08007948                HAL_UARTEx_RxEventCallback
 .text.UART_EndRxTransfer
                0x08007960       0xc6 ./Drivers/STM32F4xx_HAL_Driver/Src/stm32f4xx_hal_uart.o
 .text.UART_DMAAbortOnError
                0x08007a26       0x22 ./Drivers/STM32F4xx_HAL_Driver/Src/stm32f4xx_hal_uart.o
 .text.UART_Transmit_IT
                0x08007a48       0xa0 ./Drivers/STM32F4xx_HAL_Driver/Src/stm32f4xx_hal_uart.o
 .text.UART_EndTransmit_IT
                0x08007ae8       0x30 ./Drivers/STM32F4xx_HAL_Driver/Src/stm32f4xx_hal_uart.o
 .text.UART_Receive_IT
                0x08007b18      0x17c ./Drivers/STM32F4xx_HAL_Driver/Src/stm32f4xx_hal_uart.o
 .text.UART_SetConfig
                0x08007c94      0x4e8 ./Drivers/STM32F4xx_HAL_Driver/Src/stm32f4xx_hal_uart.o
 .text.USB_CoreInit
                0x0800817c       0xc8 ./Drivers/STM32F4xx_HAL_Driver/Src/stm32f4xx_ll_usb.o
                0x0800817c                USB_CoreInit
 .text.USB_EnableGlobalInt
                0x08008244       0x22 ./Drivers/STM32F4xx_HAL_Driver/Src/stm32f4xx_ll_usb.o
                0x08008244                USB_EnableGlobalInt
 .text.USB_DisableGlobalInt
                0x08008266       0x22 ./Drivers/STM32F4xx_HAL_Driver/Src/stm32f4xx_ll_usb.o
                0x08008266                USB_DisableGlobalInt
 .text.USB_SetCurrentMode
                0x08008288       0x98 ./Drivers/STM32F4xx_HAL_Driver/Src/stm32f4xx_ll_usb.o
                0x08008288                USB_SetCurrentMode
 .text.USB_FlushTxFifo
                0x08008320       0x64 ./Drivers/STM32F4xx_HAL_Driver/Src/stm32f4xx_ll_usb.o
                0x08008320                USB_FlushTxFifo
 .text.USB_FlushRxFifo
                0x08008384       0x5c ./Drivers/STM32F4xx_HAL_Driver/Src/stm32f4xx_ll_usb.o
                0x08008384                USB_FlushRxFifo
 .text.USB_WritePacket
                0x080083e0       0x7c ./Drivers/STM32F4xx_HAL_Driver/Src/stm32f4xx_ll_usb.o
                0x080083e0                USB_WritePacket
 .text.USB_ReadPacket
                0x0800845c       0xb0 ./Drivers/STM32F4xx_HAL_Driver/Src/stm32f4xx_ll_usb.o
                0x0800845c                USB_ReadPacket
 .text.USB_ReadInterrupts
                0x0800850c       0x26 ./Drivers/STM32F4xx_HAL_Driver/Src/stm32f4xx_ll_usb.o
                0x0800850c                USB_ReadInterrupts
 .text.USB_ReadChInterrupts
                0x08008532       0x42 ./Drivers/STM32F4xx_HAL_Driver/Src/stm32f4xx_ll_usb.o
                0x08008532                USB_ReadChInterrupts
 .text.USB_GetMode
                0x08008574       0x1c ./Drivers/STM32F4xx_HAL_Driver/Src/stm32f4xx_ll_usb.o
                0x08008574                USB_GetMode
 .text.USB_CoreReset
                0x08008590       0x70 ./Drivers/STM32F4xx_HAL_Driver/Src/stm32f4xx_ll_usb.o
 .text.USB_HostInit
                0x08008600      0x188 ./Drivers/STM32F4xx_HAL_Driver/Src/stm32f4xx_ll_usb.o
                0x08008600                USB_HostInit
 .text.USB_InitFSLSPClkSel
                0x08008788       0x7a ./Drivers/STM32F4xx_HAL_Driver/Src/stm32f4xx_ll_usb.o
                0x08008788                USB_InitFSLSPClkSel
 .text.USB_ResetPort
                0x08008802       0x54 ./Drivers/STM32F4xx_HAL_Driver/Src/stm32f4xx_ll_usb.o
                0x08008802                USB_ResetPort
 .text.USB_DriveVbus
                0x08008856       0x72 ./Drivers/STM32F4xx_HAL_Driver/Src/stm32f4xx_ll_usb.o
                0x08008856                USB_DriveVbus
 .text.USB_GetHostSpeed
                0x080088c8       0x2e ./Drivers/STM32F4xx_HAL_Driver/Src/stm32f4xx_ll_usb.o
                0x080088c8                USB_GetHostSpeed
 .text.USB_GetCurrentFrame
                0x080088f6       0x22 ./Drivers/STM32F4xx_HAL_Driver/Src/stm32f4xx_ll_usb.o
                0x080088f6                USB_GetCurrentFrame
 .text.USB_HC_Init
                0x08008918      0x258 ./Drivers/STM32F4xx_HAL_Driver/Src/stm32f4xx_ll_usb.o
                0x08008918                USB_HC_Init
 .text.USB_HC_StartXfer
                0x08008b70      0x4f4 ./Drivers/STM32F4xx_HAL_Driver/Src/stm32f4xx_ll_usb.o
                0x08008b70                USB_HC_StartXfer
 .text.USB_HC_ReadInterrupt
                0x08009064       0x22 ./Drivers/STM32F4xx_HAL_Driver/Src/stm32f4xx_ll_usb.o
                0x08009064                USB_HC_ReadInterrupt
 .text.USB_HC_Halt
                0x08009086      0x240 ./Drivers/STM32F4xx_HAL_Driver/Src/stm32f4xx_ll_usb.o
                0x08009086                USB_HC_Halt
 *fill*         0x080092c6        0x2 
 .text.USB_DoPing
                0x080092c8       0x78 ./Drivers/STM32F4xx_HAL_Driver/Src/stm32f4xx_ll_usb.o
                0x080092c8                USB_DoPing
 .text.USB_StopHost
                0x08009340      0x124 ./Drivers/STM32F4xx_HAL_Driver/Src/stm32f4xx_ll_usb.o
                0x08009340                USB_StopHost
 .text.USBH_CDC_InterfaceInit
                0x08009464      0x2ac ./Middlewares/ST/STM32_USB_Host_Library/Class/CDC/Src/usbh_cdc.o
 .text.USBH_CDC_InterfaceDeInit
                0x08009710       0xb2 ./Middlewares/ST/STM32_USB_Host_Library/Class/CDC/Src/usbh_cdc.o
 .text.USBH_CDC_ClassRequest
                0x080097c2       0x3e ./Middlewares/ST/STM32_USB_Host_Library/Class/CDC/Src/usbh_cdc.o
 .text.USBH_CDC_Process
                0x08009800      0x12c ./Middlewares/ST/STM32_USB_Host_Library/Class/CDC/Src/usbh_cdc.o
 .text.USBH_CDC_SOFProcess
                0x0800992c       0x16 ./Middlewares/ST/STM32_USB_Host_Library/Class/CDC/Src/usbh_cdc.o
 .text.GetLineCoding
                0x08009942       0x3e ./Middlewares/ST/STM32_USB_Host_Library/Class/CDC/Src/usbh_cdc.o
 .text.SetLineCoding
                0x08009980       0x3e ./Middlewares/ST/STM32_USB_Host_Library/Class/CDC/Src/usbh_cdc.o
 .text.CDC_ProcessTransmission
                0x080099be       0xec ./Middlewares/ST/STM32_USB_Host_Library/Class/CDC/Src/usbh_cdc.o
 .text.CDC_ProcessReception
                0x08009aaa       0xb6 ./Middlewares/ST/STM32_USB_Host_Library/Class/CDC/Src/usbh_cdc.o
 .text.USBH_CDC_TransmitCallback
                0x08009b60       0x14 ./Middlewares/ST/STM32_USB_Host_Library/Class/CDC/Src/usbh_cdc.o
                0x08009b60                USBH_CDC_TransmitCallback
 .text.USBH_CDC_ReceiveCallback
                0x08009b74       0x14 ./Middlewares/ST/STM32_USB_Host_Library/Class/CDC/Src/usbh_cdc.o
                0x08009b74                USBH_CDC_ReceiveCallback
 .text.USBH_CDC_LineCodingChanged
                0x08009b88       0x14 ./Middlewares/ST/STM32_USB_Host_Library/Class/CDC/Src/usbh_cdc.o
                0x08009b88                USBH_CDC_LineCodingChanged
 .text.USBH_Init
                0x08009b9c       0x74 ./Middlewares/ST/STM32_USB_Host_Library/Core/Src/usbh_core.o
                0x08009b9c                USBH_Init
 .text.DeInitStateMachine
                0x08009c10       0xe2 ./Middlewares/ST/STM32_USB_Host_Library/Core/Src/usbh_core.o
 .text.USBH_RegisterClass
                0x08009cf2       0x54 ./Middlewares/ST/STM32_USB_Host_Library/Core/Src/usbh_core.o
                0x08009cf2                USBH_RegisterClass
 .text.USBH_SelectInterface
                0x08009d46       0x38 ./Middlewares/ST/STM32_USB_Host_Library/Core/Src/usbh_core.o
                0x08009d46                USBH_SelectInterface
 .text.USBH_FindInterface
                0x08009d7e       0x8c ./Middlewares/ST/STM32_USB_Host_Library/Core/Src/usbh_core.o
                0x08009d7e                USBH_FindInterface
 .text.USBH_Start
                0x08009e0a       0x20 ./Middlewares/ST/STM32_USB_Host_Library/Core/Src/usbh_core.o
                0x08009e0a                USBH_Start
 *fill*         0x08009e2a        0x2 
 .text.USBH_Process
                0x08009e2c      0x3d4 ./Middlewares/ST/STM32_USB_Host_Library/Core/Src/usbh_core.o
                0x08009e2c                USBH_Process
 .text.USBH_HandleEnum
                0x0800a200      0x3c0 ./Middlewares/ST/STM32_USB_Host_Library/Core/Src/usbh_core.o
 .text.USBH_LL_SetTimer
                0x0800a5c0       0x1e ./Middlewares/ST/STM32_USB_Host_Library/Core/Src/usbh_core.o
                0x0800a5c0                USBH_LL_SetTimer
 .text.USBH_LL_IncTimer
                0x0800a5de       0x24 ./Middlewares/ST/STM32_USB_Host_Library/Core/Src/usbh_core.o
                0x0800a5de                USBH_LL_IncTimer
 .text.USBH_HandleSof
                0x0800a602       0x30 ./Middlewares/ST/STM32_USB_Host_Library/Core/Src/usbh_core.o
 .text.USBH_LL_PortEnabled
                0x0800a632       0x1c ./Middlewares/ST/STM32_USB_Host_Library/Core/Src/usbh_core.o
                0x0800a632                USBH_LL_PortEnabled
 .text.USBH_LL_PortDisabled
                0x0800a64e       0x24 ./Middlewares/ST/STM32_USB_Host_Library/Core/Src/usbh_core.o
                0x0800a64e                USBH_LL_PortDisabled
 .text.USBH_LL_Connect
                0x0800a672       0x2e ./Middlewares/ST/STM32_USB_Host_Library/Core/Src/usbh_core.o
                0x0800a672                USBH_LL_Connect
 .text.USBH_LL_Disconnect
                0x0800a6a0       0x48 ./Middlewares/ST/STM32_USB_Host_Library/Core/Src/usbh_core.o
                0x0800a6a0                USBH_LL_Disconnect
 .text.USBH_Get_DevDesc
                0x0800a6e8       0x58 ./Middlewares/ST/STM32_USB_Host_Library/Core/Src/usbh_ctlreq.o
                0x0800a6e8                USBH_Get_DevDesc
 .text.USBH_Get_CfgDesc
                0x0800a740       0x54 ./Middlewares/ST/STM32_USB_Host_Library/Core/Src/usbh_ctlreq.o
                0x0800a740                USBH_Get_CfgDesc
 .text.USBH_Get_StringDesc
                0x0800a794       0x68 ./Middlewares/ST/STM32_USB_Host_Library/Core/Src/usbh_ctlreq.o
                0x0800a794                USBH_Get_StringDesc
 .text.USBH_GetDescriptor
                0x0800a7fc       0x6a ./Middlewares/ST/STM32_USB_Host_Library/Core/Src/usbh_ctlreq.o
                0x0800a7fc                USBH_GetDescriptor
 .text.USBH_SetAddress
                0x0800a866       0x48 ./Middlewares/ST/STM32_USB_Host_Library/Core/Src/usbh_ctlreq.o
                0x0800a866                USBH_SetAddress
 .text.USBH_SetCfg
                0x0800a8ae       0x46 ./Middlewares/ST/STM32_USB_Host_Library/Core/Src/usbh_ctlreq.o
                0x0800a8ae                USBH_SetCfg
 .text.USBH_SetFeature
                0x0800a8f4       0x48 ./Middlewares/ST/STM32_USB_Host_Library/Core/Src/usbh_ctlreq.o
                0x0800a8f4                USBH_SetFeature
 .text.USBH_ClrFeature
                0x0800a93c       0x48 ./Middlewares/ST/STM32_USB_Host_Library/Core/Src/usbh_ctlreq.o
                0x0800a93c                USBH_ClrFeature
 .text.USBH_ParseDevDesc
                0x0800a984      0x160 ./Middlewares/ST/STM32_USB_Host_Library/Core/Src/usbh_ctlreq.o
 .text.USBH_ParseCfgDesc
                0x0800aae4      0x1f8 ./Middlewares/ST/STM32_USB_Host_Library/Core/Src/usbh_ctlreq.o
 .text.USBH_ParseInterfaceDesc
                0x0800acdc       0x5e ./Middlewares/ST/STM32_USB_Host_Library/Core/Src/usbh_ctlreq.o
 .text.USBH_ParseEPDesc
                0x0800ad3a      0x1d0 ./Middlewares/ST/STM32_USB_Host_Library/Core/Src/usbh_ctlreq.o
 .text.USBH_ParseStringDesc
                0x0800af0a       0x66 ./Middlewares/ST/STM32_USB_Host_Library/Core/Src/usbh_ctlreq.o
 .text.USBH_GetNextDesc
                0x0800af70       0x34 ./Middlewares/ST/STM32_USB_Host_Library/Core/Src/usbh_ctlreq.o
                0x0800af70                USBH_GetNextDesc
 .text.USBH_CtlReq
                0x0800afa4       0x7a ./Middlewares/ST/STM32_USB_Host_Library/Core/Src/usbh_ctlreq.o
                0x0800afa4                USBH_CtlReq
 *fill*         0x0800b01e        0x2 
 .text.USBH_HandleControl
                0x0800b020      0x2ec ./Middlewares/ST/STM32_USB_Host_Library/Core/Src/usbh_ctlreq.o
 .text.USBH_CtlSendSetup
                0x0800b30c       0x34 ./Middlewares/ST/STM32_USB_Host_Library/Core/Src/usbh_ioreq.o
                0x0800b30c                USBH_CtlSendSetup
 .text.USBH_CtlSendData
                0x0800b340       0x4a ./Middlewares/ST/STM32_USB_Host_Library/Core/Src/usbh_ioreq.o
                0x0800b340                USBH_CtlSendData
 .text.USBH_CtlReceiveData
                0x0800b38a       0x3c ./Middlewares/ST/STM32_USB_Host_Library/Core/Src/usbh_ioreq.o
                0x0800b38a                USBH_CtlReceiveData
 .text.USBH_BulkSendData
                0x0800b3c6       0x4a ./Middlewares/ST/STM32_USB_Host_Library/Core/Src/usbh_ioreq.o
                0x0800b3c6                USBH_BulkSendData
 .text.USBH_BulkReceiveData
                0x0800b410       0x3c ./Middlewares/ST/STM32_USB_Host_Library/Core/Src/usbh_ioreq.o
                0x0800b410                USBH_BulkReceiveData
 .text.USBH_OpenPipe
                0x0800b44c       0x3e ./Middlewares/ST/STM32_USB_Host_Library/Core/Src/usbh_pipes.o
                0x0800b44c                USBH_OpenPipe
 .text.USBH_ClosePipe
                0x0800b48a       0x20 ./Middlewares/ST/STM32_USB_Host_Library/Core/Src/usbh_pipes.o
                0x0800b48a                USBH_ClosePipe
 .text.USBH_AllocPipe
                0x0800b4aa       0x42 ./Middlewares/ST/STM32_USB_Host_Library/Core/Src/usbh_pipes.o
                0x0800b4aa                USBH_AllocPipe
 .text.USBH_FreePipe
                0x0800b4ec       0x3c ./Middlewares/ST/STM32_USB_Host_Library/Core/Src/usbh_pipes.o
                0x0800b4ec                USBH_FreePipe
 .text.USBH_GetFreePipe
                0x0800b528       0x48 ./Middlewares/ST/STM32_USB_Host_Library/Core/Src/usbh_pipes.o
 .text.MX_USB_HOST_Init
                0x0800b570       0x4c ./USB_HOST/App/usb_host.o
                0x0800b570                MX_USB_HOST_Init
 .text.MX_USB_HOST_Process
                0x0800b5bc       0x14 ./USB_HOST/App/usb_host.o
                0x0800b5bc                MX_USB_HOST_Process
 .text.USBH_UserProcess
                0x0800b5d0       0x5c ./USB_HOST/App/usb_host.o
 .text.HAL_HCD_MspInit
                0x0800b62c       0xc4 ./USB_HOST/Target/usbh_conf.o
                0x0800b62c                HAL_HCD_MspInit
 .text.HAL_HCD_SOF_Callback
                0x0800b6f0       0x1c ./USB_HOST/Target/usbh_conf.o
                0x0800b6f0                HAL_HCD_SOF_Callback
 .text.HAL_HCD_Connect_Callback
                0x0800b70c       0x1c ./USB_HOST/Target/usbh_conf.o
                0x0800b70c                HAL_HCD_Connect_Callback
 .text.HAL_HCD_Disconnect_Callback
                0x0800b728       0x1c ./USB_HOST/Target/usbh_conf.o
                0x0800b728                HAL_HCD_Disconnect_Callback
 .text.HAL_HCD_HC_NotifyURBChange_Callback
                0x0800b744       0x1c ./USB_HOST/Target/usbh_conf.o
                0x0800b744                HAL_HCD_HC_NotifyURBChange_Callback
 .text.HAL_HCD_PortEnabled_Callback
                0x0800b760       0x1c ./USB_HOST/Target/usbh_conf.o
                0x0800b760                HAL_HCD_PortEnabled_Callback
 .text.HAL_HCD_PortDisabled_Callback
                0x0800b77c       0x1c ./USB_HOST/Target/usbh_conf.o
                0x0800b77c                HAL_HCD_PortDisabled_Callback
 .text.USBH_LL_Init
                0x0800b798       0x78 ./USB_HOST/Target/usbh_conf.o
                0x0800b798                USBH_LL_Init
 .text.USBH_LL_Start
                0x0800b810       0x36 ./USB_HOST/Target/usbh_conf.o
                0x0800b810                USBH_LL_Start
 .text.USBH_LL_Stop
                0x0800b846       0x36 ./USB_HOST/Target/usbh_conf.o
                0x0800b846                USBH_LL_Stop
 .text.USBH_LL_GetSpeed
                0x0800b87c       0x4e ./USB_HOST/Target/usbh_conf.o
                0x0800b87c                USBH_LL_GetSpeed
 .text.USBH_LL_ResetPort
                0x0800b8ca       0x36 ./USB_HOST/Target/usbh_conf.o
                0x0800b8ca                USBH_LL_ResetPort
 .text.USBH_LL_GetLastXferSize
                0x0800b900       0x26 ./USB_HOST/Target/usbh_conf.o
                0x0800b900                USBH_LL_GetLastXferSize
 .text.USBH_LL_OpenPipe
                0x0800b926       0x5e ./USB_HOST/Target/usbh_conf.o
                0x0800b926                USBH_LL_OpenPipe
 .text.USBH_LL_ClosePipe
                0x0800b984       0x3e ./USB_HOST/Target/usbh_conf.o
                0x0800b984                USBH_LL_ClosePipe
 .text.USBH_LL_SubmitURB
                0x0800b9c2       0x62 ./USB_HOST/Target/usbh_conf.o
                0x0800b9c2                USBH_LL_SubmitURB
 .text.USBH_LL_GetURBState
                0x0800ba24       0x26 ./USB_HOST/Target/usbh_conf.o
                0x0800ba24                USBH_LL_GetURBState
 .text.USBH_LL_DriverVBUS
                0x0800ba4a       0x2e ./USB_HOST/Target/usbh_conf.o
                0x0800ba4a                USBH_LL_DriverVBUS
 .text.USBH_LL_SetToggle
                0x0800ba78       0x66 ./USB_HOST/Target/usbh_conf.o
                0x0800ba78                USBH_LL_SetToggle
 .text.USBH_Delay
                0x0800bade       0x16 ./USB_HOST/Target/usbh_conf.o
                0x0800bade                USBH_Delay
 .text.USBH_Get_USB_Status
                0x0800baf4       0x58 ./USB_HOST/Target/usbh_conf.o
                0x0800baf4                USBH_Get_USB_Status
 .text.MX_DriverVbusFS
                0x0800bb4c       0x38 ./USB_HOST/Target/usbh_platform.o
                0x0800bb4c                MX_DriverVbusFS
 .text.malloc   0x0800bb84       0x10 C:/ST/STM32CubeIDE_1.15.1/STM32CubeIDE/plugins/com.st.stm32cube.ide.mcu.externaltools.gnu-tools-for-stm32.12.3.rel1.win32_1.0.100.202403111256/tools/bin/../lib/gcc/arm-none-eabi/12.3.1/../../../../arm-none-eabi/lib/thumb/v7e-m+fp/hard\libc_nano.a(libc_a-malloc.o)
                0x0800bb84                malloc
 .text.free     0x0800bb94       0x10 C:/ST/STM32CubeIDE_1.15.1/STM32CubeIDE/plugins/com.st.stm32cube.ide.mcu.externaltools.gnu-tools-for-stm32.12.3.rel1.win32_1.0.100.202403111256/tools/bin/../lib/gcc/arm-none-eabi/12.3.1/../../../../arm-none-eabi/lib/thumb/v7e-m+fp/hard\libc_nano.a(libc_a-malloc.o)
                0x0800bb94                free
 .text.sbrk_aligned
                0x0800bba4       0x44 C:/ST/STM32CubeIDE_1.15.1/STM32CubeIDE/plugins/com.st.stm32cube.ide.mcu.externaltools.gnu-tools-for-stm32.12.3.rel1.win32_1.0.100.202403111256/tools/bin/../lib/gcc/arm-none-eabi/12.3.1/../../../../arm-none-eabi/lib/thumb/v7e-m+fp/hard\libc_nano.a(libc_a-mallocr.o)
 .text._malloc_r
                0x0800bbe8      0x100 C:/ST/STM32CubeIDE_1.15.1/STM32CubeIDE/plugins/com.st.stm32cube.ide.mcu.externaltools.gnu-tools-for-stm32.12.3.rel1.win32_1.0.100.202403111256/tools/bin/../lib/gcc/arm-none-eabi/12.3.1/../../../../arm-none-eabi/lib/thumb/v7e-m+fp/hard\libc_nano.a(libc_a-mallocr.o)
                0x0800bbe8                _malloc_r
 .text.__malloc_lock
                0x0800bce8        0xc C:/ST/STM32CubeIDE_1.15.1/STM32CubeIDE/plugins/com.st.stm32cube.ide.mcu.externaltools.gnu-tools-for-stm32.12.3.rel1.win32_1.0.100.202403111256/tools/bin/../lib/gcc/arm-none-eabi/12.3.1/../../../../arm-none-eabi/lib/thumb/v7e-m+fp/hard\libc_nano.a(libc_a-mlock.o)
                0x0800bce8                __malloc_lock
 .text.__malloc_unlock
                0x0800bcf4        0xc C:/ST/STM32CubeIDE_1.15.1/STM32CubeIDE/plugins/com.st.stm32cube.ide.mcu.externaltools.gnu-tools-for-stm32.12.3.rel1.win32_1.0.100.202403111256/tools/bin/../lib/gcc/arm-none-eabi/12.3.1/../../../../arm-none-eabi/lib/thumb/v7e-m+fp/hard\libc_nano.a(libc_a-mlock.o)
                0x0800bcf4                __malloc_unlock
 .text.memset   0x0800bd00       0x10 C:/ST/STM32CubeIDE_1.15.1/STM32CubeIDE/plugins/com.st.stm32cube.ide.mcu.externaltools.gnu-tools-for-stm32.12.3.rel1.win32_1.0.100.202403111256/tools/bin/../lib/gcc/arm-none-eabi/12.3.1/../../../../arm-none-eabi/lib/thumb/v7e-m+fp/hard\libc_nano.a(libc_a-memset.o)
                0x0800bd00                memset
 .text._sbrk_r  0x0800bd10       0x20 C:/ST/STM32CubeIDE_1.15.1/STM32CubeIDE/plugins/com.st.stm32cube.ide.mcu.externaltools.gnu-tools-for-stm32.12.3.rel1.win32_1.0.100.202403111256/tools/bin/../lib/gcc/arm-none-eabi/12.3.1/../../../../arm-none-eabi/lib/thumb/v7e-m+fp/hard\libc_nano.a(libc_a-sbrkr.o)
                0x0800bd10                _sbrk_r
 .text.__errno  0x0800bd30        0xc C:/ST/STM32CubeIDE_1.15.1/STM32CubeIDE/plugins/com.st.stm32cube.ide.mcu.externaltools.gnu-tools-for-stm32.12.3.rel1.win32_1.0.100.202403111256/tools/bin/../lib/gcc/arm-none-eabi/12.3.1/../../../../arm-none-eabi/lib/thumb/v7e-m+fp/hard\libc_nano.a(libc_a-errno.o)
                0x0800bd30                __errno
 .text.__libc_init_array
                0x0800bd3c       0x48 C:/ST/STM32CubeIDE_1.15.1/STM32CubeIDE/plugins/com.st.stm32cube.ide.mcu.externaltools.gnu-tools-for-stm32.12.3.rel1.win32_1.0.100.202403111256/tools/bin/../lib/gcc/arm-none-eabi/12.3.1/../../../../arm-none-eabi/lib/thumb/v7e-m+fp/hard\libc_nano.a(libc_a-init.o)
                0x0800bd3c                __libc_init_array
 .text.__retarget_lock_acquire_recursive
                0x0800bd84        0x2 C:/ST/STM32CubeIDE_1.15.1/STM32CubeIDE/plugins/com.st.stm32cube.ide.mcu.externaltools.gnu-tools-for-stm32.12.3.rel1.win32_1.0.100.202403111256/tools/bin/../lib/gcc/arm-none-eabi/12.3.1/../../../../arm-none-eabi/lib/thumb/v7e-m+fp/hard\libc_nano.a(libc_a-lock.o)
                0x0800bd84                __retarget_lock_acquire_recursive
 .text.__retarget_lock_release_recursive
                0x0800bd86        0x2 C:/ST/STM32CubeIDE_1.15.1/STM32CubeIDE/plugins/com.st.stm32cube.ide.mcu.externaltools.gnu-tools-for-stm32.12.3.rel1.win32_1.0.100.202403111256/tools/bin/../lib/gcc/arm-none-eabi/12.3.1/../../../../arm-none-eabi/lib/thumb/v7e-m+fp/hard\libc_nano.a(libc_a-lock.o)
                0x0800bd86                __retarget_lock_release_recursive
 .text._free_r  0x0800bd88       0x94 C:/ST/STM32CubeIDE_1.15.1/STM32CubeIDE/plugins/com.st.stm32cube.ide.mcu.externaltools.gnu-tools-for-stm32.12.3.rel1.win32_1.0.100.202403111256/tools/bin/../lib/gcc/arm-none-eabi/12.3.1/../../../../arm-none-eabi/lib/thumb/v7e-m+fp/hard\libc_nano.a(libc_a-freer.o)
                0x0800bd88                _free_r
 *(.glue_7)
 .glue_7        0x0800be1c        0x0 linker stubs
 *(.glue_7t)
 .glue_7t       0x0800be1c        0x0 linker stubs
 *(.eh_frame)
 .eh_frame      0x0800be1c        0x0 C:/ST/STM32CubeIDE_1.15.1/STM32CubeIDE/plugins/com.st.stm32cube.ide.mcu.externaltools.gnu-tools-for-stm32.12.3.rel1.win32_1.0.100.202403111256/tools/bin/../lib/gcc/arm-none-eabi/12.3.1/thumb/v7e-m+fp/hard/crtbegin.o
 *(.init)
 .init          0x0800be1c        0x4 C:/ST/STM32CubeIDE_1.15.1/STM32CubeIDE/plugins/com.st.stm32cube.ide.mcu.externaltools.gnu-tools-for-stm32.12.3.rel1.win32_1.0.100.202403111256/tools/bin/../lib/gcc/arm-none-eabi/12.3.1/thumb/v7e-m+fp/hard/crti.o
                0x0800be1c                _init
 .init          0x0800be20        0x8 C:/ST/STM32CubeIDE_1.15.1/STM32CubeIDE/plugins/com.st.stm32cube.ide.mcu.externaltools.gnu-tools-for-stm32.12.3.rel1.win32_1.0.100.202403111256/tools/bin/../lib/gcc/arm-none-eabi/12.3.1/thumb/v7e-m+fp/hard/crtn.o
 *(.fini)
 .fini          0x0800be28        0x4 C:/ST/STM32CubeIDE_1.15.1/STM32CubeIDE/plugins/com.st.stm32cube.ide.mcu.externaltools.gnu-tools-for-stm32.12.3.rel1.win32_1.0.100.202403111256/tools/bin/../lib/gcc/arm-none-eabi/12.3.1/thumb/v7e-m+fp/hard/crti.o
                0x0800be28                _fini
 .fini          0x0800be2c        0x8 C:/ST/STM32CubeIDE_1.15.1/STM32CubeIDE/plugins/com.st.stm32cube.ide.mcu.externaltools.gnu-tools-for-stm32.12.3.rel1.win32_1.0.100.202403111256/tools/bin/../lib/gcc/arm-none-eabi/12.3.1/thumb/v7e-m+fp/hard/crtn.o
                0x0800be34                        . = ALIGN (0x4)
                0x0800be34                        _etext = .

.vfp11_veneer   0x0800be34        0x0
 .vfp11_veneer  0x0800be34        0x0 linker stubs

.v4_bx          0x0800be34        0x0
 .v4_bx         0x0800be34        0x0 linker stubs

.iplt           0x0800be34        0x0
 .iplt          0x0800be34        0x0 C:/ST/STM32CubeIDE_1.15.1/STM32CubeIDE/plugins/com.st.stm32cube.ide.mcu.externaltools.gnu-tools-for-stm32.12.3.rel1.win32_1.0.100.202403111256/tools/bin/../lib/gcc/arm-none-eabi/12.3.1/thumb/v7e-m+fp/hard/crtbegin.o

.rodata         0x0800be34       0x34
                0x0800be34                        . = ALIGN (0x4)
 *(.rodata)
 .rodata        0x0800be34       0x10 ./Core/Src/main.o
 .rodata        0x0800be44        0x4 ./Middlewares/ST/STM32_USB_Host_Library/Class/CDC/Src/usbh_cdc.o
 *(.rodata*)
 .rodata.AHBPrescTable
                0x0800be48       0x10 ./Core/Src/system_stm32f4xx.o
                0x0800be48                AHBPrescTable
 .rodata.APBPrescTable
                0x0800be58        0x8 ./Core/Src/system_stm32f4xx.o
                0x0800be58                APBPrescTable
 .rodata.flagBitshiftOffset.0
                0x0800be60        0x8 ./Drivers/STM32F4xx_HAL_Driver/Src/stm32f4xx_hal_dma.o
                0x0800be68                        . = ALIGN (0x4)

.ARM.extab      0x0800be68        0x0
                0x0800be68                        . = ALIGN (0x4)
 *(.ARM.extab* .gnu.linkonce.armextab.*)
                0x0800be68                        . = ALIGN (0x4)

.ARM            0x0800be68        0x8
                0x0800be68                        . = ALIGN (0x4)
                0x0800be68                        __exidx_start = .
 *(.ARM.exidx*)
 .ARM.exidx     0x0800be68        0x8 C:/ST/STM32CubeIDE_1.15.1/STM32CubeIDE/plugins/com.st.stm32cube.ide.mcu.externaltools.gnu-tools-for-stm32.12.3.rel1.win32_1.0.100.202403111256/tools/bin/../lib/gcc/arm-none-eabi/12.3.1/thumb/v7e-m+fp/hard\libgcc.a(_udivmoddi4.o)
                0x0800be70                        __exidx_end = .
                0x0800be70                        . = ALIGN (0x4)

.preinit_array  0x0800be70        0x0
                0x0800be70                        . = ALIGN (0x4)
                0x0800be70                        PROVIDE (__preinit_array_start = .)
 *(.preinit_array*)
                0x0800be70                        PROVIDE (__preinit_array_end = .)
                0x0800be70                        . = ALIGN (0x4)

.init_array     0x0800be70        0x4
                0x0800be70                        . = ALIGN (0x4)
                0x0800be70                        PROVIDE (__init_array_start = .)
 *(SORT_BY_NAME(.init_array.*))
 *(.init_array*)
 .init_array    0x0800be70        0x4 C:/ST/STM32CubeIDE_1.15.1/STM32CubeIDE/plugins/com.st.stm32cube.ide.mcu.externaltools.gnu-tools-for-stm32.12.3.rel1.win32_1.0.100.202403111256/tools/bin/../lib/gcc/arm-none-eabi/12.3.1/thumb/v7e-m+fp/hard/crtbegin.o
                0x0800be74                        PROVIDE (__init_array_end = .)
                0x0800be74                        . = ALIGN (0x4)

.fini_array     0x0800be74        0x4
                0x0800be74                        . = ALIGN (0x4)
                [!provide]                        PROVIDE (__fini_array_start = .)
 *(SORT_BY_NAME(.fini_array.*))
 *(.fini_array*)
 .fini_array    0x0800be74        0x4 C:/ST/STM32CubeIDE_1.15.1/STM32CubeIDE/plugins/com.st.stm32cube.ide.mcu.externaltools.gnu-tools-for-stm32.12.3.rel1.win32_1.0.100.202403111256/tools/bin/../lib/gcc/arm-none-eabi/12.3.1/thumb/v7e-m+fp/hard/crtbegin.o
                [!provide]                        PROVIDE (__fini_array_end = .)
                0x0800be78                        . = ALIGN (0x4)
                0x0800be78                        _sidata = LOADADDR (.data)

.rel.dyn        0x0800be78        0x0
 .rel.iplt      0x0800be78        0x0 C:/ST/STM32CubeIDE_1.15.1/STM32CubeIDE/plugins/com.st.stm32cube.ide.mcu.externaltools.gnu-tools-for-stm32.12.3.rel1.win32_1.0.100.202403111256/tools/bin/../lib/gcc/arm-none-eabi/12.3.1/thumb/v7e-m+fp/hard/crtbegin.o

.data           0x20000000       0x7c load address 0x0800be78
                0x20000000                        . = ALIGN (0x4)
                0x20000000                        _sdata = .
 *(.data)
 *(.data*)
 .data.SystemCoreClock
                0x20000000        0x4 ./Core/Src/system_stm32f4xx.o
                0x20000000                SystemCoreClock
 .data.uwTickPrio
                0x20000004        0x4 ./Drivers/STM32F4xx_HAL_Driver/Src/stm32f4xx_hal.o
                0x20000004                uwTickPrio
 .data.uwTickFreq
                0x20000008        0x1 ./Drivers/STM32F4xx_HAL_Driver/Src/stm32f4xx_hal.o
                0x20000008                uwTickFreq
 *fill*         0x20000009        0x3 
 .data.CDC_Class
                0x2000000c       0x20 ./Middlewares/ST/STM32_USB_Host_Library/Class/CDC/Src/usbh_cdc.o
                0x2000000c                CDC_Class
 .data._impure_ptr
                0x2000002c        0x4 C:/ST/STM32CubeIDE_1.15.1/STM32CubeIDE/plugins/com.st.stm32cube.ide.mcu.externaltools.gnu-tools-for-stm32.12.3.rel1.win32_1.0.100.202403111256/tools/bin/../lib/gcc/arm-none-eabi/12.3.1/../../../../arm-none-eabi/lib/thumb/v7e-m+fp/hard\libc_nano.a(libc_a-impure.o)
                0x2000002c                _impure_ptr
 .data._impure_data
                0x20000030       0x4c C:/ST/STM32CubeIDE_1.15.1/STM32CubeIDE/plugins/com.st.stm32cube.ide.mcu.externaltools.gnu-tools-for-stm32.12.3.rel1.win32_1.0.100.202403111256/tools/bin/../lib/gcc/arm-none-eabi/12.3.1/../../../../arm-none-eabi/lib/thumb/v7e-m+fp/hard\libc_nano.a(libc_a-impure.o)
                0x20000030                _impure_data
 *(.RamFunc)
 *(.RamFunc*)
                0x2000007c                        . = ALIGN (0x4)
                0x2000007c                        _edata = .
                0x0800bef4                        _siccmram = LOADADDR (.ccmram)

.igot.plt       0x2000007c        0x0 load address 0x0800bef4
 .igot.plt      0x2000007c        0x0 C:/ST/STM32CubeIDE_1.15.1/STM32CubeIDE/plugins/com.st.stm32cube.ide.mcu.externaltools.gnu-tools-for-stm32.12.3.rel1.win32_1.0.100.202403111256/tools/bin/../lib/gcc/arm-none-eabi/12.3.1/thumb/v7e-m+fp/hard/crtbegin.o

.ccmram         0x10000000        0x0 load address 0x0800bef4
                0x10000000                        . = ALIGN (0x4)
                0x10000000                        _sccmram = .
 *(.ccmram)
 *(.ccmram*)
                0x10000000                        . = ALIGN (0x4)
                0x10000000                        _eccmram = .
                0x10000000                        . = ALIGN (0x4)

.bss            0x2000007c      0xdac
                0x2000007c                        _sbss = .
                0x2000007c                        __bss_start__ = _sbss
 *(.bss)
 .bss           0x2000007c       0x1c C:/ST/STM32CubeIDE_1.15.1/STM32CubeIDE/plugins/com.st.stm32cube.ide.mcu.externaltools.gnu-tools-for-stm32.12.3.rel1.win32_1.0.100.202403111256/tools/bin/../lib/gcc/arm-none-eabi/12.3.1/thumb/v7e-m+fp/hard/crtbegin.o
 *(.bss*)
 .bss.hadc1     0x20000098       0x48 ./Core/Src/main.o
                0x20000098                hadc1
 .bss.hadc2     0x200000e0       0x48 ./Core/Src/main.o
                0x200000e0                hadc2
 .bss.hdma_adc1
                0x20000128       0x60 ./Core/Src/main.o
                0x20000128                hdma_adc1
 .bss.hdma_adc2
                0x20000188       0x60 ./Core/Src/main.o
                0x20000188                hdma_adc2
 .bss.hi2c1     0x200001e8       0x54 ./Core/Src/main.o
                0x200001e8                hi2c1
 .bss.hspi1     0x2000023c       0x58 ./Core/Src/main.o
                0x2000023c                hspi1
 .bss.htim3     0x20000294       0x48 ./Core/Src/main.o
                0x20000294                htim3
 .bss.htim14    0x200002dc       0x48 ./Core/Src/main.o
                0x200002dc                htim14
 .bss.huart5    0x20000324       0x48 ./Core/Src/main.o
                0x20000324                huart5
 .bss.dma_buffer1
                0x2000036c       0x80 ./Core/Src/main.o
                0x2000036c                dma_buffer1
 .bss.dma_buffer2
                0x200003ec       0x80 ./Core/Src/main.o
                0x200003ec                dma_buffer2
 .bss.sensor_der_avg
                0x2000046c        0x2 ./Core/Src/main.o
                0x2000046c                sensor_der_avg
 .bss.sensor_izq_avg
                0x2000046e        0x2 ./Core/Src/main.o
                0x2000046e                sensor_izq_avg
 .bss.linea     0x20000470        0x4 ./Core/Src/main.o
                0x20000470                linea
 .bss.pared     0x20000474        0x4 ./Core/Src/main.o
                0x20000474                pared
 .bss.ENTRE_INT
                0x20000478        0x4 ./Core/Src/main.o
                0x20000478                ENTRE_INT
 .bss.pos       0x2000047c        0x4 ./Core/Src/main.o
                0x2000047c                pos
 .bss.orientacion
                0x20000480        0x4 ./Core/Src/main.o
                0x20000480                orientacion
 .bss.direccion_de_giro
                0x20000484        0x1 ./Core/Src/main.o
                0x20000484                direccion_de_giro
 *fill*         0x20000485        0x3 
 .bss.mapa      0x20000488       0x80 ./Core/Src/main.o
                0x20000488                mapa
 .bss.dir_min   0x20000508        0x4 ./Core/Src/main.o
                0x20000508                dir_min
 .bss.cont_posible_linea
                0x2000050c        0x4 ./Core/Src/main.o
                0x2000050c                cont_posible_linea
 .bss.UMBRAL_DERECHO
                0x20000510        0x2 ./Core/Src/main.o
                0x20000510                UMBRAL_DERECHO
 .bss.UMBRAL_IZQUIERDO
                0x20000512        0x2 ./Core/Src/main.o
                0x20000512                UMBRAL_IZQUIERDO
 .bss.contpared
                0x20000514        0x2 ./Core/Src/main.o
                0x20000514                contpared
 .bss.contlinea
                0x20000516        0x2 ./Core/Src/main.o
                0x20000516                contlinea
 .bss.paredprueba
                0x20000518        0x4 ./Core/Src/main.o
                0x20000518                paredprueba
 .bss.__sbrk_heap_end
                0x2000051c        0x4 ./Core/Src/sysmem.o
 .bss.uwTick    0x20000520        0x4 ./Drivers/STM32F4xx_HAL_Driver/Src/stm32f4xx_hal.o
                0x20000520                uwTick
 .bss.hUsbHostFS
                0x20000524      0x3d8 ./USB_HOST/App/usb_host.o
                0x20000524                hUsbHostFS
 .bss.Appli_state
                0x200008fc        0x1 ./USB_HOST/App/usb_host.o
                0x200008fc                Appli_state
 *fill*         0x200008fd        0x3 
 .bss.hhcd_USB_OTG_FS
                0x20000900      0x3e0 ./USB_HOST/Target/usbh_conf.o
                0x20000900                hhcd_USB_OTG_FS
 .bss.__malloc_sbrk_start
                0x20000ce0        0x4 C:/ST/STM32CubeIDE_1.15.1/STM32CubeIDE/plugins/com.st.stm32cube.ide.mcu.externaltools.gnu-tools-for-stm32.12.3.rel1.win32_1.0.100.202403111256/tools/bin/../lib/gcc/arm-none-eabi/12.3.1/../../../../arm-none-eabi/lib/thumb/v7e-m+fp/hard\libc_nano.a(libc_a-mallocr.o)
                0x20000ce0                __malloc_sbrk_start
 .bss.__malloc_free_list
                0x20000ce4        0x4 C:/ST/STM32CubeIDE_1.15.1/STM32CubeIDE/plugins/com.st.stm32cube.ide.mcu.externaltools.gnu-tools-for-stm32.12.3.rel1.win32_1.0.100.202403111256/tools/bin/../lib/gcc/arm-none-eabi/12.3.1/../../../../arm-none-eabi/lib/thumb/v7e-m+fp/hard\libc_nano.a(libc_a-mallocr.o)
                0x20000ce4                __malloc_free_list
 .bss.__sf      0x20000ce8      0x138 C:/ST/STM32CubeIDE_1.15.1/STM32CubeIDE/plugins/com.st.stm32cube.ide.mcu.externaltools.gnu-tools-for-stm32.12.3.rel1.win32_1.0.100.202403111256/tools/bin/../lib/gcc/arm-none-eabi/12.3.1/../../../../arm-none-eabi/lib/thumb/v7e-m+fp/hard\libc_nano.a(libc_a-findfp.o)
                0x20000ce8                __sf
 .bss.errno     0x20000e20        0x4 C:/ST/STM32CubeIDE_1.15.1/STM32CubeIDE/plugins/com.st.stm32cube.ide.mcu.externaltools.gnu-tools-for-stm32.12.3.rel1.win32_1.0.100.202403111256/tools/bin/../lib/gcc/arm-none-eabi/12.3.1/../../../../arm-none-eabi/lib/thumb/v7e-m+fp/hard\libc_nano.a(libc_a-reent.o)
                0x20000e20                errno
 .bss.__lock___malloc_recursive_mutex
                0x20000e24        0x1 C:/ST/STM32CubeIDE_1.15.1/STM32CubeIDE/plugins/com.st.stm32cube.ide.mcu.externaltools.gnu-tools-for-stm32.12.3.rel1.win32_1.0.100.202403111256/tools/bin/../lib/gcc/arm-none-eabi/12.3.1/../../../../arm-none-eabi/lib/thumb/v7e-m+fp/hard\libc_nano.a(libc_a-lock.o)
                0x20000e24                __lock___malloc_recursive_mutex
 *(COMMON)
                0x20000e28                        . = ALIGN (0x4)
 *fill*         0x20000e25        0x3 
                0x20000e28                        _ebss = .
                0x20000e28                        __bss_end__ = _ebss

._user_heap_stack
                0x20000e28      0x600
                0x20000e28                        . = ALIGN (0x8)
                [!provide]                        PROVIDE (end = .)
                0x20000e28                        PROVIDE (_end = .)
                0x20001028                        . = (. + _Min_Heap_Size)
 *fill*         0x20000e28      0x200 
                0x20001428                        . = (. + _Min_Stack_Size)
 *fill*         0x20001028      0x400 
                0x20001428                        . = ALIGN (0x8)

/DISCARD/
 libc.a(*)
 libm.a(*)
 libgcc.a(*)

.ARM.attributes
                0x00000000       0x30
 *(.ARM.attributes)
 .ARM.attributes
                0x00000000       0x22 C:/ST/STM32CubeIDE_1.15.1/STM32CubeIDE/plugins/com.st.stm32cube.ide.mcu.externaltools.gnu-tools-for-stm32.12.3.rel1.win32_1.0.100.202403111256/tools/bin/../lib/gcc/arm-none-eabi/12.3.1/thumb/v7e-m+fp/hard/crti.o
 .ARM.attributes
                0x00000022       0x34 C:/ST/STM32CubeIDE_1.15.1/STM32CubeIDE/plugins/com.st.stm32cube.ide.mcu.externaltools.gnu-tools-for-stm32.12.3.rel1.win32_1.0.100.202403111256/tools/bin/../lib/gcc/arm-none-eabi/12.3.1/thumb/v7e-m+fp/hard/crtbegin.o
 .ARM.attributes
                0x00000056       0x34 ./Core/Src/main.o
 .ARM.attributes
                0x0000008a       0x34 ./Core/Src/stm32f4xx_hal_msp.o
 .ARM.attributes
                0x000000be       0x34 ./Core/Src/stm32f4xx_it.o
 .ARM.attributes
                0x000000f2       0x34 ./Core/Src/sysmem.o
 .ARM.attributes
                0x00000126       0x34 ./Core/Src/system_stm32f4xx.o
 .ARM.attributes
                0x0000015a       0x21 ./Core/Startup/startup_stm32f407vgtx.o
 .ARM.attributes
                0x0000017b       0x34 ./Drivers/STM32F4xx_HAL_Driver/Src/stm32f4xx_hal.o
 .ARM.attributes
                0x000001af       0x34 ./Drivers/STM32F4xx_HAL_Driver/Src/stm32f4xx_hal_adc.o
 .ARM.attributes
                0x000001e3       0x34 ./Drivers/STM32F4xx_HAL_Driver/Src/stm32f4xx_hal_cortex.o
 .ARM.attributes
                0x00000217       0x34 ./Drivers/STM32F4xx_HAL_Driver/Src/stm32f4xx_hal_dma.o
 .ARM.attributes
                0x0000024b       0x34 ./Drivers/STM32F4xx_HAL_Driver/Src/stm32f4xx_hal_gpio.o
 .ARM.attributes
                0x0000027f       0x34 ./Drivers/STM32F4xx_HAL_Driver/Src/stm32f4xx_hal_hcd.o
 .ARM.attributes
                0x000002b3       0x34 ./Drivers/STM32F4xx_HAL_Driver/Src/stm32f4xx_hal_i2c.o
 .ARM.attributes
                0x000002e7       0x34 ./Drivers/STM32F4xx_HAL_Driver/Src/stm32f4xx_hal_rcc.o
 .ARM.attributes
                0x0000031b       0x34 ./Drivers/STM32F4xx_HAL_Driver/Src/stm32f4xx_hal_spi.o
 .ARM.attributes
                0x0000034f       0x34 ./Drivers/STM32F4xx_HAL_Driver/Src/stm32f4xx_hal_tim.o
 .ARM.attributes
                0x00000383       0x34 ./Drivers/STM32F4xx_HAL_Driver/Src/stm32f4xx_hal_tim_ex.o
 .ARM.attributes
                0x000003b7       0x34 ./Drivers/STM32F4xx_HAL_Driver/Src/stm32f4xx_hal_uart.o
 .ARM.attributes
                0x000003eb       0x34 ./Drivers/STM32F4xx_HAL_Driver/Src/stm32f4xx_ll_usb.o
 .ARM.attributes
                0x0000041f       0x34 ./Middlewares/ST/STM32_USB_Host_Library/Class/CDC/Src/usbh_cdc.o
 .ARM.attributes
                0x00000453       0x34 ./Middlewares/ST/STM32_USB_Host_Library/Core/Src/usbh_core.o
 .ARM.attributes
                0x00000487       0x34 ./Middlewares/ST/STM32_USB_Host_Library/Core/Src/usbh_ctlreq.o
 .ARM.attributes
                0x000004bb       0x34 ./Middlewares/ST/STM32_USB_Host_Library/Core/Src/usbh_ioreq.o
 .ARM.attributes
                0x000004ef       0x34 ./Middlewares/ST/STM32_USB_Host_Library/Core/Src/usbh_pipes.o
 .ARM.attributes
                0x00000523       0x34 ./USB_HOST/App/usb_host.o
 .ARM.attributes
                0x00000557       0x34 ./USB_HOST/Target/usbh_conf.o
 .ARM.attributes
                0x0000058b       0x34 ./USB_HOST/Target/usbh_platform.o
 .ARM.attributes
                0x000005bf       0x34 C:/ST/STM32CubeIDE_1.15.1/STM32CubeIDE/plugins/com.st.stm32cube.ide.mcu.externaltools.gnu-tools-for-stm32.12.3.rel1.win32_1.0.100.202403111256/tools/bin/../lib/gcc/arm-none-eabi/12.3.1/../../../../arm-none-eabi/lib/thumb/v7e-m+fp/hard\libc_nano.a(libc_a-malloc.o)
 .ARM.attributes
                0x000005f3       0x34 C:/ST/STM32CubeIDE_1.15.1/STM32CubeIDE/plugins/com.st.stm32cube.ide.mcu.externaltools.gnu-tools-for-stm32.12.3.rel1.win32_1.0.100.202403111256/tools/bin/../lib/gcc/arm-none-eabi/12.3.1/../../../../arm-none-eabi/lib/thumb/v7e-m+fp/hard\libc_nano.a(libc_a-mallocr.o)
 .ARM.attributes
                0x00000627       0x34 C:/ST/STM32CubeIDE_1.15.1/STM32CubeIDE/plugins/com.st.stm32cube.ide.mcu.externaltools.gnu-tools-for-stm32.12.3.rel1.win32_1.0.100.202403111256/tools/bin/../lib/gcc/arm-none-eabi/12.3.1/../../../../arm-none-eabi/lib/thumb/v7e-m+fp/hard\libc_nano.a(libc_a-mlock.o)
 .ARM.attributes
                0x0000065b       0x34 C:/ST/STM32CubeIDE_1.15.1/STM32CubeIDE/plugins/com.st.stm32cube.ide.mcu.externaltools.gnu-tools-for-stm32.12.3.rel1.win32_1.0.100.202403111256/tools/bin/../lib/gcc/arm-none-eabi/12.3.1/../../../../arm-none-eabi/lib/thumb/v7e-m+fp/hard\libc_nano.a(libc_a-findfp.o)
 .ARM.attributes
                0x0000068f       0x34 C:/ST/STM32CubeIDE_1.15.1/STM32CubeIDE/plugins/com.st.stm32cube.ide.mcu.externaltools.gnu-tools-for-stm32.12.3.rel1.win32_1.0.100.202403111256/tools/bin/../lib/gcc/arm-none-eabi/12.3.1/../../../../arm-none-eabi/lib/thumb/v7e-m+fp/hard\libc_nano.a(libc_a-memset.o)
 .ARM.attributes
                0x000006c3       0x34 C:/ST/STM32CubeIDE_1.15.1/STM32CubeIDE/plugins/com.st.stm32cube.ide.mcu.externaltools.gnu-tools-for-stm32.12.3.rel1.win32_1.0.100.202403111256/tools/bin/../lib/gcc/arm-none-eabi/12.3.1/../../../../arm-none-eabi/lib/thumb/v7e-m+fp/hard\libc_nano.a(libc_a-reent.o)
 .ARM.attributes
                0x000006f7       0x34 C:/ST/STM32CubeIDE_1.15.1/STM32CubeIDE/plugins/com.st.stm32cube.ide.mcu.externaltools.gnu-tools-for-stm32.12.3.rel1.win32_1.0.100.202403111256/tools/bin/../lib/gcc/arm-none-eabi/12.3.1/../../../../arm-none-eabi/lib/thumb/v7e-m+fp/hard\libc_nano.a(libc_a-impure.o)
 .ARM.attributes
                0x0000072b       0x34 C:/ST/STM32CubeIDE_1.15.1/STM32CubeIDE/plugins/com.st.stm32cube.ide.mcu.externaltools.gnu-tools-for-stm32.12.3.rel1.win32_1.0.100.202403111256/tools/bin/../lib/gcc/arm-none-eabi/12.3.1/../../../../arm-none-eabi/lib/thumb/v7e-m+fp/hard\libc_nano.a(libc_a-sbrkr.o)
 .ARM.attributes
                0x0000075f       0x34 C:/ST/STM32CubeIDE_1.15.1/STM32CubeIDE/plugins/com.st.stm32cube.ide.mcu.externaltools.gnu-tools-for-stm32.12.3.rel1.win32_1.0.100.202403111256/tools/bin/../lib/gcc/arm-none-eabi/12.3.1/../../../../arm-none-eabi/lib/thumb/v7e-m+fp/hard\libc_nano.a(libc_a-errno.o)
 .ARM.attributes
                0x00000793       0x34 C:/ST/STM32CubeIDE_1.15.1/STM32CubeIDE/plugins/com.st.stm32cube.ide.mcu.externaltools.gnu-tools-for-stm32.12.3.rel1.win32_1.0.100.202403111256/tools/bin/../lib/gcc/arm-none-eabi/12.3.1/../../../../arm-none-eabi/lib/thumb/v7e-m+fp/hard\libc_nano.a(libc_a-init.o)
 .ARM.attributes
                0x000007c7       0x34 C:/ST/STM32CubeIDE_1.15.1/STM32CubeIDE/plugins/com.st.stm32cube.ide.mcu.externaltools.gnu-tools-for-stm32.12.3.rel1.win32_1.0.100.202403111256/tools/bin/../lib/gcc/arm-none-eabi/12.3.1/../../../../arm-none-eabi/lib/thumb/v7e-m+fp/hard\libc_nano.a(libc_a-lock.o)
 .ARM.attributes
                0x000007fb       0x34 C:/ST/STM32CubeIDE_1.15.1/STM32CubeIDE/plugins/com.st.stm32cube.ide.mcu.externaltools.gnu-tools-for-stm32.12.3.rel1.win32_1.0.100.202403111256/tools/bin/../lib/gcc/arm-none-eabi/12.3.1/../../../../arm-none-eabi/lib/thumb/v7e-m+fp/hard\libc_nano.a(libc_a-freer.o)
 .ARM.attributes
                0x0000082f       0x22 C:/ST/STM32CubeIDE_1.15.1/STM32CubeIDE/plugins/com.st.stm32cube.ide.mcu.externaltools.gnu-tools-for-stm32.12.3.rel1.win32_1.0.100.202403111256/tools/bin/../lib/gcc/arm-none-eabi/12.3.1/thumb/v7e-m+fp/hard\libgcc.a(_aeabi_uldivmod.o)
 .ARM.attributes
                0x00000851       0x34 C:/ST/STM32CubeIDE_1.15.1/STM32CubeIDE/plugins/com.st.stm32cube.ide.mcu.externaltools.gnu-tools-for-stm32.12.3.rel1.win32_1.0.100.202403111256/tools/bin/../lib/gcc/arm-none-eabi/12.3.1/thumb/v7e-m+fp/hard\libgcc.a(_udivmoddi4.o)
 .ARM.attributes
                0x00000885       0x22 C:/ST/STM32CubeIDE_1.15.1/STM32CubeIDE/plugins/com.st.stm32cube.ide.mcu.externaltools.gnu-tools-for-stm32.12.3.rel1.win32_1.0.100.202403111256/tools/bin/../lib/gcc/arm-none-eabi/12.3.1/thumb/v7e-m+fp/hard\libgcc.a(_dvmd_tls.o)
 .ARM.attributes
                0x000008a7       0x22 C:/ST/STM32CubeIDE_1.15.1/STM32CubeIDE/plugins/com.st.stm32cube.ide.mcu.externaltools.gnu-tools-for-stm32.12.3.rel1.win32_1.0.100.202403111256/tools/bin/../lib/gcc/arm-none-eabi/12.3.1/thumb/v7e-m+fp/hard/crtn.o
OUTPUT(Autito_V1.elf elf32-littlearm)
LOAD linker stubs
LOAD C:/ST/STM32CubeIDE_1.15.1/STM32CubeIDE/plugins/com.st.stm32cube.ide.mcu.externaltools.gnu-tools-for-stm32.12.3.rel1.win32_1.0.100.202403111256/tools/bin/../lib/gcc/arm-none-eabi/12.3.1/../../../../arm-none-eabi/lib/thumb/v7e-m+fp/hard\libc.a
LOAD C:/ST/STM32CubeIDE_1.15.1/STM32CubeIDE/plugins/com.st.stm32cube.ide.mcu.externaltools.gnu-tools-for-stm32.12.3.rel1.win32_1.0.100.202403111256/tools/bin/../lib/gcc/arm-none-eabi/12.3.1/../../../../arm-none-eabi/lib/thumb/v7e-m+fp/hard\libm.a
LOAD C:/ST/STM32CubeIDE_1.15.1/STM32CubeIDE/plugins/com.st.stm32cube.ide.mcu.externaltools.gnu-tools-for-stm32.12.3.rel1.win32_1.0.100.202403111256/tools/bin/../lib/gcc/arm-none-eabi/12.3.1/thumb/v7e-m+fp/hard\libgcc.a

.debug_info     0x00000000    0x1d299
 .debug_info    0x00000000     0x2527 ./Core/Src/main.o
 .debug_info    0x00002527     0x198e ./Core/Src/stm32f4xx_hal_msp.o
 .debug_info    0x00003eb5      0xbc4 ./Core/Src/stm32f4xx_it.o
 .debug_info    0x00004a79      0x168 ./Core/Src/sysmem.o
 .debug_info    0x00004be1      0x512 ./Core/Src/system_stm32f4xx.o
 .debug_info    0x000050f3       0x30 ./Core/Startup/startup_stm32f407vgtx.o
 .debug_info    0x00005123      0x944 ./Drivers/STM32F4xx_HAL_Driver/Src/stm32f4xx_hal.o
 .debug_info    0x00005a67      0xce3 ./Drivers/STM32F4xx_HAL_Driver/Src/stm32f4xx_hal_adc.o
 .debug_info    0x0000674a      0xd8c ./Drivers/STM32F4xx_HAL_Driver/Src/stm32f4xx_hal_cortex.o
 .debug_info    0x000074d6      0x8e7 ./Drivers/STM32F4xx_HAL_Driver/Src/stm32f4xx_hal_dma.o
 .debug_info    0x00007dbd      0x6c3 ./Drivers/STM32F4xx_HAL_Driver/Src/stm32f4xx_hal_gpio.o
 .debug_info    0x00008480     0x114c ./Drivers/STM32F4xx_HAL_Driver/Src/stm32f4xx_hal_hcd.o
 .debug_info    0x000095cc     0x2415 ./Drivers/STM32F4xx_HAL_Driver/Src/stm32f4xx_hal_i2c.o
 .debug_info    0x0000b9e1      0x8c3 ./Drivers/STM32F4xx_HAL_Driver/Src/stm32f4xx_hal_rcc.o
 .debug_info    0x0000c2a4     0x1525 ./Drivers/STM32F4xx_HAL_Driver/Src/stm32f4xx_hal_spi.o
 .debug_info    0x0000d7c9     0x299d ./Drivers/STM32F4xx_HAL_Driver/Src/stm32f4xx_hal_tim.o
 .debug_info    0x00010166     0x14db ./Drivers/STM32F4xx_HAL_Driver/Src/stm32f4xx_hal_tim_ex.o
 .debug_info    0x00011641     0x2f4f ./Drivers/STM32F4xx_HAL_Driver/Src/stm32f4xx_hal_uart.o
 .debug_info    0x00014590     0x1993 ./Drivers/STM32F4xx_HAL_Driver/Src/stm32f4xx_ll_usb.o
 .debug_info    0x00015f23     0x1479 ./Middlewares/ST/STM32_USB_Host_Library/Class/CDC/Src/usbh_cdc.o
 .debug_info    0x0001739c      0xfb5 ./Middlewares/ST/STM32_USB_Host_Library/Core/Src/usbh_core.o
 .debug_info    0x00018351      0xfaf ./Middlewares/ST/STM32_USB_Host_Library/Core/Src/usbh_ctlreq.o
 .debug_info    0x00019300      0xc2e ./Middlewares/ST/STM32_USB_Host_Library/Core/Src/usbh_ioreq.o
 .debug_info    0x00019f2e      0xa91 ./Middlewares/ST/STM32_USB_Host_Library/Core/Src/usbh_pipes.o
 .debug_info    0x0001a9bf      0xa13 ./USB_HOST/App/usb_host.o
 .debug_info    0x0001b3d2     0x1cef ./USB_HOST/Target/usbh_conf.o
 .debug_info    0x0001d0c1      0x1d8 ./USB_HOST/Target/usbh_platform.o

.debug_abbrev   0x00000000     0x4050
 .debug_abbrev  0x00000000      0x376 ./Core/Src/main.o
 .debug_abbrev  0x00000376      0x27d ./Core/Src/stm32f4xx_hal_msp.o
 .debug_abbrev  0x000005f3      0x209 ./Core/Src/stm32f4xx_it.o
 .debug_abbrev  0x000007fc       0xbc ./Core/Src/sysmem.o
 .debug_abbrev  0x000008b8      0x11a ./Core/Src/system_stm32f4xx.o
 .debug_abbrev  0x000009d2       0x24 ./Core/Startup/startup_stm32f407vgtx.o
 .debug_abbrev  0x000009f6      0x214 ./Drivers/STM32F4xx_HAL_Driver/Src/stm32f4xx_hal.o
 .debug_abbrev  0x00000c0a      0x252 ./Drivers/STM32F4xx_HAL_Driver/Src/stm32f4xx_hal_adc.o
 .debug_abbrev  0x00000e5c      0x31d ./Drivers/STM32F4xx_HAL_Driver/Src/stm32f4xx_hal_cortex.o
 .debug_abbrev  0x00001179      0x264 ./Drivers/STM32F4xx_HAL_Driver/Src/stm32f4xx_hal_dma.o
 .debug_abbrev  0x000013dd      0x1d4 ./Drivers/STM32F4xx_HAL_Driver/Src/stm32f4xx_hal_gpio.o
 .debug_abbrev  0x000015b1      0x296 ./Drivers/STM32F4xx_HAL_Driver/Src/stm32f4xx_hal_hcd.o
 .debug_abbrev  0x00001847      0x2ad ./Drivers/STM32F4xx_HAL_Driver/Src/stm32f4xx_hal_i2c.o
 .debug_abbrev  0x00001af4      0x2b7 ./Drivers/STM32F4xx_HAL_Driver/Src/stm32f4xx_hal_rcc.o
 .debug_abbrev  0x00001dab      0x27a ./Drivers/STM32F4xx_HAL_Driver/Src/stm32f4xx_hal_spi.o
 .debug_abbrev  0x00002025      0x278 ./Drivers/STM32F4xx_HAL_Driver/Src/stm32f4xx_hal_tim.o
 .debug_abbrev  0x0000229d      0x283 ./Drivers/STM32F4xx_HAL_Driver/Src/stm32f4xx_hal_tim_ex.o
 .debug_abbrev  0x00002520      0x30e ./Drivers/STM32F4xx_HAL_Driver/Src/stm32f4xx_hal_uart.o
 .debug_abbrev  0x0000282e      0x2b3 ./Drivers/STM32F4xx_HAL_Driver/Src/stm32f4xx_ll_usb.o
 .debug_abbrev  0x00002ae1      0x33c ./Middlewares/ST/STM32_USB_Host_Library/Class/CDC/Src/usbh_cdc.o
 .debug_abbrev  0x00002e1d      0x32a ./Middlewares/ST/STM32_USB_Host_Library/Core/Src/usbh_core.o
 .debug_abbrev  0x00003147      0x2ff ./Middlewares/ST/STM32_USB_Host_Library/Core/Src/usbh_ctlreq.o
 .debug_abbrev  0x00003446      0x245 ./Middlewares/ST/STM32_USB_Host_Library/Core/Src/usbh_ioreq.o
 .debug_abbrev  0x0000368b      0x281 ./Middlewares/ST/STM32_USB_Host_Library/Core/Src/usbh_pipes.o
 .debug_abbrev  0x0000390c      0x26e ./USB_HOST/App/usb_host.o
 .debug_abbrev  0x00003b7a      0x3c2 ./USB_HOST/Target/usbh_conf.o
 .debug_abbrev  0x00003f3c      0x114 ./USB_HOST/Target/usbh_platform.o

.debug_aranges  0x00000000     0x1998
 .debug_aranges
                0x00000000      0x180 ./Core/Src/main.o
 .debug_aranges
                0x00000180       0x78 ./Core/Src/stm32f4xx_hal_msp.o
 .debug_aranges
                0x000001f8       0x88 ./Core/Src/stm32f4xx_it.o
 .debug_aranges
                0x00000280       0x20 ./Core/Src/sysmem.o
 .debug_aranges
                0x000002a0       0x28 ./Core/Src/system_stm32f4xx.o
 .debug_aranges
                0x000002c8       0x28 ./Core/Startup/startup_stm32f407vgtx.o
 .debug_aranges
                0x000002f0       0xf0 ./Drivers/STM32F4xx_HAL_Driver/Src/stm32f4xx_hal.o
 .debug_aranges
                0x000003e0       0xe8 ./Drivers/STM32F4xx_HAL_Driver/Src/stm32f4xx_hal_adc.o
 .debug_aranges
                0x000004c8      0x130 ./Drivers/STM32F4xx_HAL_Driver/Src/stm32f4xx_hal_cortex.o
 .debug_aranges
                0x000005f8       0x90 ./Drivers/STM32F4xx_HAL_Driver/Src/stm32f4xx_hal_dma.o
 .debug_aranges
                0x00000688       0x58 ./Drivers/STM32F4xx_HAL_Driver/Src/stm32f4xx_hal_gpio.o
 .debug_aranges
                0x000006e0      0x108 ./Drivers/STM32F4xx_HAL_Driver/Src/stm32f4xx_hal_hcd.o
 .debug_aranges
                0x000007e8      0x2a8 ./Drivers/STM32F4xx_HAL_Driver/Src/stm32f4xx_hal_i2c.o
 .debug_aranges
                0x00000a90       0x88 ./Drivers/STM32F4xx_HAL_Driver/Src/stm32f4xx_hal_rcc.o
 .debug_aranges
                0x00000b18      0x1d0 ./Drivers/STM32F4xx_HAL_Driver/Src/stm32f4xx_hal_spi.o
 .debug_aranges
                0x00000ce8      0x3d0 ./Drivers/STM32F4xx_HAL_Driver/Src/stm32f4xx_hal_tim.o
 .debug_aranges
                0x000010b8      0x168 ./Drivers/STM32F4xx_HAL_Driver/Src/stm32f4xx_hal_tim_ex.o
 .debug_aranges
                0x00001220      0x208 ./Drivers/STM32F4xx_HAL_Driver/Src/stm32f4xx_hal_uart.o
 .debug_aranges
                0x00001428      0x1a0 ./Drivers/STM32F4xx_HAL_Driver/Src/stm32f4xx_ll_usb.o
 .debug_aranges
                0x000015c8       0xa8 ./Middlewares/ST/STM32_USB_Host_Library/Class/CDC/Src/usbh_cdc.o
 .debug_aranges
                0x00001670       0xc0 ./Middlewares/ST/STM32_USB_Host_Library/Core/Src/usbh_core.o
 .debug_aranges
                0x00001730       0xa0 ./Middlewares/ST/STM32_USB_Host_Library/Core/Src/usbh_ctlreq.o
 .debug_aranges
                0x000017d0       0x60 ./Middlewares/ST/STM32_USB_Host_Library/Core/Src/usbh_ioreq.o
 .debug_aranges
                0x00001830       0x40 ./Middlewares/ST/STM32_USB_Host_Library/Core/Src/usbh_pipes.o
 .debug_aranges
                0x00001870       0x30 ./USB_HOST/App/usb_host.o
 .debug_aranges
                0x000018a0       0xd8 ./USB_HOST/Target/usbh_conf.o
 .debug_aranges
                0x00001978       0x20 ./USB_HOST/Target/usbh_platform.o

.debug_rnglists
                0x00000000     0x13fd
 .debug_rnglists
                0x00000000      0x12b ./Core/Src/main.o
 .debug_rnglists
                0x0000012b       0x59 ./Core/Src/stm32f4xx_hal_msp.o
 .debug_rnglists
                0x00000184       0x61 ./Core/Src/stm32f4xx_it.o
 .debug_rnglists
                0x000001e5       0x13 ./Core/Src/sysmem.o
 .debug_rnglists
                0x000001f8       0x1a ./Core/Src/system_stm32f4xx.o
 .debug_rnglists
                0x00000212       0x19 ./Core/Startup/startup_stm32f407vgtx.o
 .debug_rnglists
                0x0000022b       0xaf ./Drivers/STM32F4xx_HAL_Driver/Src/stm32f4xx_hal.o
 .debug_rnglists
                0x000002da       0xb5 ./Drivers/STM32F4xx_HAL_Driver/Src/stm32f4xx_hal_adc.o
 .debug_rnglists
                0x0000038f       0xe0 ./Drivers/STM32F4xx_HAL_Driver/Src/stm32f4xx_hal_cortex.o
 .debug_rnglists
                0x0000046f       0x70 ./Drivers/STM32F4xx_HAL_Driver/Src/stm32f4xx_hal_dma.o
 .debug_rnglists
                0x000004df       0x3f ./Drivers/STM32F4xx_HAL_Driver/Src/stm32f4xx_hal_gpio.o
 .debug_rnglists
                0x0000051e       0xca ./Drivers/STM32F4xx_HAL_Driver/Src/stm32f4xx_hal_hcd.o
 .debug_rnglists
                0x000005e8      0x23c ./Drivers/STM32F4xx_HAL_Driver/Src/stm32f4xx_hal_i2c.o
 .debug_rnglists
                0x00000824       0x66 ./Drivers/STM32F4xx_HAL_Driver/Src/stm32f4xx_hal_rcc.o
 .debug_rnglists
                0x0000088a      0x16f ./Drivers/STM32F4xx_HAL_Driver/Src/stm32f4xx_hal_spi.o
 .debug_rnglists
                0x000009f9      0x31a ./Drivers/STM32F4xx_HAL_Driver/Src/stm32f4xx_hal_tim.o
 .debug_rnglists
                0x00000d13      0x125 ./Drivers/STM32F4xx_HAL_Driver/Src/stm32f4xx_hal_tim_ex.o
 .debug_rnglists
                0x00000e38      0x1bc ./Drivers/STM32F4xx_HAL_Driver/Src/stm32f4xx_hal_uart.o
 .debug_rnglists
                0x00000ff4      0x147 ./Drivers/STM32F4xx_HAL_Driver/Src/stm32f4xx_ll_usb.o
 .debug_rnglists
                0x0000113b       0x7e ./Middlewares/ST/STM32_USB_Host_Library/Class/CDC/Src/usbh_cdc.o
 .debug_rnglists
                0x000011b9       0x8f ./Middlewares/ST/STM32_USB_Host_Library/Core/Src/usbh_core.o
 .debug_rnglists
                0x00001248       0x77 ./Middlewares/ST/STM32_USB_Host_Library/Core/Src/usbh_ctlreq.o
 .debug_rnglists
                0x000012bf       0x43 ./Middlewares/ST/STM32_USB_Host_Library/Core/Src/usbh_ioreq.o
 .debug_rnglists
                0x00001302       0x2b ./Middlewares/ST/STM32_USB_Host_Library/Core/Src/usbh_pipes.o
 .debug_rnglists
                0x0000132d       0x1f ./USB_HOST/App/usb_host.o
 .debug_rnglists
                0x0000134c       0x9e ./USB_HOST/Target/usbh_conf.o
 .debug_rnglists
                0x000013ea       0x13 ./USB_HOST/Target/usbh_platform.o

.debug_macro    0x00000000    0x262fc
 .debug_macro   0x00000000      0x399 ./Core/Src/main.o
 .debug_macro   0x00000399      0xab4 ./Core/Src/main.o
 .debug_macro   0x00000e4d      0x2b3 ./Core/Src/main.o
 .debug_macro   0x00001100       0x2e ./Core/Src/main.o
 .debug_macro   0x0000112e       0x2f ./Core/Src/main.o
 .debug_macro   0x0000115d       0x22 ./Core/Src/main.o
 .debug_macro   0x0000117f       0x8e ./Core/Src/main.o
 .debug_macro   0x0000120d       0x51 ./Core/Src/main.o
 .debug_macro   0x0000125e      0x103 ./Core/Src/main.o
 .debug_macro   0x00001361       0x6a ./Core/Src/main.o
 .debug_macro   0x000013cb      0x1df ./Core/Src/main.o
 .debug_macro   0x000015aa       0x1c ./Core/Src/main.o
 .debug_macro   0x000015c6       0x22 ./Core/Src/main.o
 .debug_macro   0x000015e8       0xfb ./Core/Src/main.o
 .debug_macro   0x000016e3     0x1011 ./Core/Src/main.o
 .debug_macro   0x000026f4      0x11f ./Core/Src/main.o
 .debug_macro   0x00002813    0x15ea5 ./Core/Src/main.o
 .debug_macro   0x000186b8       0x6d ./Core/Src/main.o
 .debug_macro   0x00018725     0x3693 ./Core/Src/main.o
 .debug_macro   0x0001bdb8      0x189 ./Core/Src/main.o
 .debug_macro   0x0001bf41       0x5c ./Core/Src/main.o
 .debug_macro   0x0001bf9d      0x980 ./Core/Src/main.o
 .debug_macro   0x0001c91d      0x9e9 ./Core/Src/main.o
 .debug_macro   0x0001d306      0x115 ./Core/Src/main.o
 .debug_macro   0x0001d41b      0x13e ./Core/Src/main.o
 .debug_macro   0x0001d559       0xa5 ./Core/Src/main.o
 .debug_macro   0x0001d5fe      0x174 ./Core/Src/main.o
 .debug_macro   0x0001d772      0x287 ./Core/Src/main.o
 .debug_macro   0x0001d9f9       0x5f ./Core/Src/main.o
 .debug_macro   0x0001da58      0x236 ./Core/Src/main.o
 .debug_macro   0x0001dc8e      0xb5b ./Core/Src/main.o
 .debug_macro   0x0001e7e9      0x38b ./Core/Src/main.o
 .debug_macro   0x0001eb74      0x176 ./Core/Src/main.o
 .debug_macro   0x0001ecea       0xf9 ./Core/Src/main.o
 .debug_macro   0x0001ede3      0x12c ./Core/Src/main.o
 .debug_macro   0x0001ef0f      0x21e ./Core/Src/main.o
 .debug_macro   0x0001f12d       0x2e ./Core/Src/main.o
 .debug_macro   0x0001f15b      0x1b5 ./Core/Src/main.o
 .debug_macro   0x0001f310       0xd6 ./Core/Src/main.o
 .debug_macro   0x0001f3e6      0x127 ./Core/Src/main.o
 .debug_macro   0x0001f50d       0x7e ./Core/Src/main.o
 .debug_macro   0x0001f58b       0x89 ./Core/Src/main.o
 .debug_macro   0x0001f614      0x225 ./Core/Src/main.o
 .debug_macro   0x0001f839      0x8ed ./Core/Src/main.o
 .debug_macro   0x00020126       0x4d ./Core/Src/main.o
 .debug_macro   0x00020173      0x2aa ./Core/Src/main.o
 .debug_macro   0x0002041d      0x293 ./Core/Src/main.o
 .debug_macro   0x000206b0       0x98 ./Core/Src/main.o
 .debug_macro   0x00020748      0x12d ./Core/Src/main.o
 .debug_macro   0x00020875      0x1f9 ./Core/Src/main.o
 .debug_macro   0x00020a6e       0x22 ./Core/Src/main.o
 .debug_macro   0x00020a90       0x61 ./Core/Src/main.o
 .debug_macro   0x00020af1       0x2a ./Core/Src/main.o