../Core/Src/main.c:186:5:main	8	static
../Core/Src/main.c:303:6:SystemClock_Config	88	static
../Core/Src/main.c:349:13:MX_ADC1_Init	24	static
../Core/Src/main.c:401:13:MX_ADC2_Init	24	static
../Core/Src/main.c:453:13:MX_I2C1_Init	8	static
../Core/Src/main.c:487:13:MX_SPI1_Init	8	static
../Core/Src/main.c:525:13:MX_TIM3_Init	64	static
../Core/Src/main.c:588:13:MX_TIM14_Init	8	static
../Core/Src/main.c:619:13:MX_UART5_Init	8	static
../Core/Src/main.c:650:13:MX_DMA_Init	16	static
../Core/Src/main.c:671:13:MX_GPIO_Init	56	static
../Core/Src/main.c:806:6:Inicio	8	static
../Core/Src/main.c:845:6:Inicio_Motores	8	static
../Core/Src/main.c:852:6:setMotorSpeed	24	static
../Core/Src/main.c:872:6:setVelocidadIzquierda	24	static
../Core/Src/main.c:887:6:setVelocidadDerecha	24	static
../Core/Src/main.c:897:5:Sensor_Linea	8	static
../Core/Src/main.c:902:6:antirebote	16	static
../Core/Src/main.c:928:6:Centrado	8	static
../Core/Src/main.c:957:6:Bailar	16	static
../Core/Src/main.c:973:6:Avanzar	8	static
../Core/Src/main.c:981:6:Frenar	8	static
../Core/Src/main.c:989:6:Retroceder	8	static
../Core/Src/main.c:997:6:GirarIzq	8	static
../Core/Src/main.c:1005:6:GirarDer	8	static
../Core/Src/main.c:1013:10:Girar	24	static
../Core/Src/main.c:1057:6:calcular_orientacion	16	static
../Core/Src/main.c:1069:6:posicion	4	static
../Core/Src/main.c:1083:6:detectorParedes	16	static
../Core/Src/main.c:1100:6:InicializarMapa	24	static
../Core/Src/main.c:1122:6:ActualizarPesos	48	static
../Core/Src/main.c:1138:6:ActualizarPesos10	24	static
../Core/Src/main.c:1146:10:PrioridadDeGiro	24	static
../Core/Src/main.c:1160:6:Calibrar_Sensores	8	static
../Core/Src/main.c:1189:5:DirMin	48	static
../Core/Src/main.c:1213:6:HAL_GPIO_EXTI_Callback	16	static
../Core/Src/main.c:1227:6:HAL_ADC_ConvHalfCpltCallback	16	static
../Core/Src/main.c:1236:6:HAL_ADC_ConvCpltCallback	16	static
../Core/Src/main.c:1246:6:Promediar1	24	static
../Core/Src/main.c:1263:6:Promediar2	24	static
../Core/Src/main.c:1280:6:EncenderTodos	8	static
../Core/Src/main.c:1286:6:ApagarTodos	8	static
../Core/Src/main.c:1292:6:EncenderLed	16	static
../Core/Src/main.c:1309:6:ApagarLed	16	static
../Core/Src/main.c:1331:6:Error_Handler	4	static,ignoring_inline_asm
