12:48:43 **** Incremental Build of configuration Debug for project Autito_V1 ****
make -j8 all 
arm-none-eabi-gcc "../Core/Src/main.c" -mcpu=cortex-m4 -std=gnu11 -g3 -DDEBUG -DUSE_HAL_DRIVER -DSTM32F407xx -c -I../USB_HOST/App -I../USB_HOST/Target -I../Core/Inc -I../Drivers/STM32F4xx_HAL_Driver/Inc -I../Drivers/STM32F4xx_HAL_Driver/Inc/Legacy -I../Middlewares/ST/STM32_USB_Host_Library/Core/Inc -I../Middlewares/ST/STM32_USB_Host_Library/Class/CDC/Inc -I../Drivers/CMSIS/Device/ST/STM32F4xx/Include -I../Drivers/CMSIS/Include -O0 -ffunction-sections -fdata-sections -Wall -fstack-usage -fcyclomatic-complexity -MMD -MP -MF"Core/Src/main.d" -MT"Core/Src/main.o" --specs=nano.specs -mfpu=fpv4-sp-d16 -mfloat-abi=hard -mthumb -o "Core/Src/main.o"
arm-none-eabi-gcc -o "Autito_V1.elf" @"objects.list"   -mcpu=cortex-m4 -T"C:\Users\Sorteito\Desktop\backup_autito\STM32-Laberinto\STM32F407VGTX_FLASH.ld" --specs=nosys.specs -Wl,-Map="Autito_V1.map" -Wl,--gc-sections -static --specs=nano.specs -mfpu=fpv4-sp-d16 -mfloat-abi=hard -mthumb -Wl,--start-group -lc -lm -Wl,--end-group
Finished building target: Autito_V1.elf
 
arm-none-eabi-size  Autito_V1.elf 
arm-none-eabi-objdump -h -S Autito_V1.elf  > "Autito_V1.list"
   text	   data	    bss	    dec	    hex	filename
  49380	    124	   5068	  54572	   d52c	Autito_V1.elf
Finished building: default.size.stdout
 
Finished building: Autito_V1.list
 
12:53:23 **** Incremental Build of configuration Debug for project Autito_V1 ****
make -j8 all 
arm-none-eabi-gcc "../Core/Src/main.c" -mcpu=cortex-m4 -std=gnu11 -g3 -DDEBUG -DUSE_HAL_DRIVER -DSTM32F407xx -c -I../USB_HOST/App -I../USB_HOST/Target -I../Core/Inc -I../Drivers/STM32F4xx_HAL_Driver/Inc -I../Drivers/STM32F4xx_HAL_Driver/Inc/Legacy -I../Middlewares/ST/STM32_USB_Host_Library/Core/Inc -I../Middlewares/ST/STM32_USB_Host_Library/Class/CDC/Inc -I../Drivers/CMSIS/Device/ST/STM32F4xx/Include -I../Drivers/CMSIS/Include -O0 -ffunction-sections -fdata-sections -Wall -fstack-usage -fcyclomatic-complexity -MMD -MP -MF"Core/Src/main.d" -MT"Core/Src/main.o" --specs=nano.specs -mfpu=fpv4-sp-d16 -mfloat-abi=hard -mthumb -o "Core/Src/main.o"
arm-none-eabi-gcc -o "Autito_V1.elf" @"objects.list"   -mcpu=cortex-m4 -T"C:\Users\Sorteito\Desktop\backup_autito\STM32-Laberinto\STM32F407VGTX_FLASH.ld" --specs=nosys.specs -Wl,-Map="Autito_V1.map" -Wl,--gc-sections -static --specs=nano.specs -mfpu=fpv4-sp-d16 -mfloat-abi=hard -mthumb -Wl,--start-group -lc -lm -Wl,--end-group
Finished building target: Autito_V1.elf
 
arm-none-eabi-size  Autito_V1.elf 
arm-none-eabi-objdump -h -S Autito_V1.elf  > "Autito_V1.list"
   text	   data	    bss	    dec	    hex	filename
  49380	    124	   5068	  54572	   d52c	Autito_V1.elf
Finished building: default.size.stdout
 
Finished building: Autito_V1.list
 
12:53:44 **** Incremental Build of configuration Debug for project Autito_V1 ****
make -j8 all 
arm-none-eabi-size  Autito_V1.elf 
   text	   data	    bss	    dec	    hex	filename
  49380	    124	   5068	  54572	   d52c	Autito_V1.elf
Finished building: default.size.stdout
 
12:58:03 **** Incremental Build of configuration Debug for project Autito_V1 ****
make -j8 all 
arm-none-eabi-gcc "../Core/Src/main.c" -mcpu=cortex-m4 -std=gnu11 -g3 -DDEBUG -DUSE_HAL_DRIVER -DSTM32F407xx -c -I../USB_HOST/App -I../USB_HOST/Target -I../Core/Inc -I../Drivers/STM32F4xx_HAL_Driver/Inc -I../Drivers/STM32F4xx_HAL_Driver/Inc/Legacy -I../Middlewares/ST/STM32_USB_Host_Library/Core/Inc -I../Middlewares/ST/STM32_USB_Host_Library/Class/CDC/Inc -I../Drivers/CMSIS/Device/ST/STM32F4xx/Include -I../Drivers/CMSIS/Include -O0 -ffunction-sections -fdata-sections -Wall -fstack-usage -fcyclomatic-complexity -MMD -MP -MF"Core/Src/main.d" -MT"Core/Src/main.o" --specs=nano.specs -mfpu=fpv4-sp-d16 -mfloat-abi=hard -mthumb -o "Core/Src/main.o"
arm-none-eabi-gcc -o "Autito_V1.elf" @"objects.list"   -mcpu=cortex-m4 -T"C:\Users\Sorteito\Desktop\backup_autito\STM32-Laberinto\STM32F407VGTX_FLASH.ld" --specs=nosys.specs -Wl,-Map="Autito_V1.map" -Wl,--gc-sections -static --specs=nano.specs -mfpu=fpv4-sp-d16 -mfloat-abi=hard -mthumb -Wl,--start-group -lc -lm -Wl,--end-group
Finished building target: Autito_V1.elf
 
arm-none-eabi-size  Autito_V1.elf 
arm-none-eabi-objdump -h -S Autito_V1.elf  > "Autito_V1.list"
   text	   data	    bss	    dec	    hex	filename
  49384	    124	   5068	  54576	   d530	Autito_V1.elf
Finished building: default.size.stdout
 
Finished building: Autito_V1.list
 
12:58:29 **** Incremental Build of configuration Debug for project Autito_V1 ****
make -j8 all 
arm-none-eabi-size  Autito_V1.elf 
   text	   data	    bss	    dec	    hex	filename
  49384	    124	   5068	  54576	   d530	Autito_V1.elf
Finished building: default.size.stdout
 
13:04:54 **** Incremental Build of configuration Debug for project Autito_V1 ****
make -j8 all 
arm-none-eabi-gcc "../Core/Src/main.c" -mcpu=cortex-m4 -std=gnu11 -g3 -DDEBUG -DUSE_HAL_DRIVER -DSTM32F407xx -c -I../USB_HOST/App -I../USB_HOST/Target -I../Core/Inc -I../Drivers/STM32F4xx_HAL_Driver/Inc -I../Drivers/STM32F4xx_HAL_Driver/Inc/Legacy -I../Middlewares/ST/STM32_USB_Host_Library/Core/Inc -I../Middlewares/ST/STM32_USB_Host_Library/Class/CDC/Inc -I../Drivers/CMSIS/Device/ST/STM32F4xx/Include -I../Drivers/CMSIS/Include -O0 -ffunction-sections -fdata-sections -Wall -fstack-usage -fcyclomatic-complexity -MMD -MP -MF"Core/Src/main.d" -MT"Core/Src/main.o" --specs=nano.specs -mfpu=fpv4-sp-d16 -mfloat-abi=hard -mthumb -o "Core/Src/main.o"
arm-none-eabi-gcc -o "Autito_V1.elf" @"objects.list"   -mcpu=cortex-m4 -T"C:\Users\Sorteito\Desktop\backup_autito\STM32-Laberinto\STM32F407VGTX_FLASH.ld" --specs=nosys.specs -Wl,-Map="Autito_V1.map" -Wl,--gc-sections -static --specs=nano.specs -mfpu=fpv4-sp-d16 -mfloat-abi=hard -mthumb -Wl,--start-group -lc -lm -Wl,--end-group
Finished building target: Autito_V1.elf
 
arm-none-eabi-size  Autito_V1.elf 
arm-none-eabi-objdump -h -S Autito_V1.elf  > "Autito_V1.list"
   text	   data	    bss	    dec	    hex	filename
  49336	    124	   5068	  54528	   d500	Autito_V1.elf
Finished building: default.size.stdout
 
Finished building: Autito_V1.list
 
13:13:52 **** Incremental Build of configuration Debug for project Autito_V1 ****
make -j8 all 
arm-none-eabi-gcc "../Core/Src/main.c" -mcpu=cortex-m4 -std=gnu11 -g3 -DDEBUG -DUSE_HAL_DRIVER -DSTM32F407xx -c -I../USB_HOST/App -I../USB_HOST/Target -I../Core/Inc -I../Drivers/STM32F4xx_HAL_Driver/Inc -I../Drivers/STM32F4xx_HAL_Driver/Inc/Legacy -I../Middlewares/ST/STM32_USB_Host_Library/Core/Inc -I../Middlewares/ST/STM32_USB_Host_Library/Class/CDC/Inc -I../Drivers/CMSIS/Device/ST/STM32F4xx/Include -I../Drivers/CMSIS/Include -O0 -ffunction-sections -fdata-sections -Wall -fstack-usage -fcyclomatic-complexity -MMD -MP -MF"Core/Src/main.d" -MT"Core/Src/main.o" --specs=nano.specs -mfpu=fpv4-sp-d16 -mfloat-abi=hard -mthumb -o "Core/Src/main.o"
../Core/Src/main.c: In function 'main':
../Core/Src/main.c:258:29: error: expected ';' before '}' token
  258 |                 Retroceder()
      |                             ^
      |                             ;
......
  266 |         }
      |         ~                    
make: *** [Core/Src/subdir.mk:34: Core/Src/main.o] Error 1
"make -j8 all" terminated with exit code 2. Build might be incomplete.
13:14:39 **** Incremental Build of configuration Debug for project Autito_V1 ****
make -j8 all 
arm-none-eabi-gcc "../Core/Src/main.c" -mcpu=cortex-m4 -std=gnu11 -g3 -DDEBUG -DUSE_HAL_DRIVER -DSTM32F407xx -c -I../USB_HOST/App -I../USB_HOST/Target -I../Core/Inc -I../Drivers/STM32F4xx_HAL_Driver/Inc -I../Drivers/STM32F4xx_HAL_Driver/Inc/Legacy -I../Middlewares/ST/STM32_USB_Host_Library/Core/Inc -I../Middlewares/ST/STM32_USB_Host_Library/Class/CDC/Inc -I../Drivers/CMSIS/Device/ST/STM32F4xx/Include -I../Drivers/CMSIS/Include -O0 -ffunction-sections -fdata-sections -Wall -fstack-usage -fcyclomatic-complexity -MMD -MP -MF"Core/Src/main.d" -MT"Core/Src/main.o" --specs=nano.specs -mfpu=fpv4-sp-d16 -mfloat-abi=hard -mthumb -o "Core/Src/main.o"
../Core/Src/main.c: In function 'main':
../Core/Src/main.c:258:29: error: expected ';' before '}' token
  258 |                 Retroceder()
      |                             ^
      |                             ;
......
  266 |         }
      |         ~                    
make: *** [Core/Src/subdir.mk:34: Core/Src/main.o] Error 1
"make -j8 all" terminated with exit code 2. Build might be incomplete.
13:15:09 **** Incremental Build of configuration Debug for project Autito_V1 ****
make -j8 all 
arm-none-eabi-gcc "../Core/Src/main.c" -mcpu=cortex-m4 -std=gnu11 -g3 -DDEBUG -DUSE_HAL_DRIVER -DSTM32F407xx -c -I../USB_HOST/App -I../USB_HOST/Target -I../Core/Inc -I../Drivers/STM32F4xx_HAL_Driver/Inc -I../Drivers/STM32F4xx_HAL_Driver/Inc/Legacy -I../Middlewares/ST/STM32_USB_Host_Library/Core/Inc -I../Middlewares/ST/STM32_USB_Host_Library/Class/CDC/Inc -I../Drivers/CMSIS/Device/ST/STM32F4xx/Include -I../Drivers/CMSIS/Include -O0 -ffunction-sections -fdata-sections -Wall -fstack-usage -fcyclomatic-complexity -MMD -MP -MF"Core/Src/main.d" -MT"Core/Src/main.o" --specs=nano.specs -mfpu=fpv4-sp-d16 -mfloat-abi=hard -mthumb -o "Core/Src/main.o"
arm-none-eabi-gcc -o "Autito_V1.elf" @"objects.list"   -mcpu=cortex-m4 -T"C:\Users\Sorteito\Desktop\backup_autito\STM32-Laberinto\STM32F407VGTX_FLASH.ld" --specs=nosys.specs -Wl,-Map="Autito_V1.map" -Wl,--gc-sections -static --specs=nano.specs -mfpu=fpv4-sp-d16 -mfloat-abi=hard -mthumb -Wl,--start-group -lc -lm -Wl,--end-group
Finished building target: Autito_V1.elf
 
arm-none-eabi-size  Autito_V1.elf 
arm-none-eabi-objdump -h -S Autito_V1.elf  > "Autito_V1.list"
   text	   data	    bss	    dec	    hex	filename
  49332	    124	   5068	  54524	   d4fc	Autito_V1.elf
Finished building: default.size.stdout
 
Finished building: Autito_V1.list
 
14:18:03 **** Incremental Build of configuration Debug for project Autito_V1 ****
make -j8 all 
arm-none-eabi-gcc "../Core/Src/main.c" -mcpu=cortex-m4 -std=gnu11 -g3 -DDEBUG -DUSE_HAL_DRIVER -DSTM32F407xx -c -I../USB_HOST/App -I../USB_HOST/Target -I../Core/Inc -I../Drivers/STM32F4xx_HAL_Driver/Inc -I../Drivers/STM32F4xx_HAL_Driver/Inc/Legacy -I../Middlewares/ST/STM32_USB_Host_Library/Core/Inc -I../Middlewares/ST/STM32_USB_Host_Library/Class/CDC/Inc -I../Drivers/CMSIS/Device/ST/STM32F4xx/Include -I../Drivers/CMSIS/Include -O0 -ffunction-sections -fdata-sections -Wall -fstack-usage -fcyclomatic-complexity -MMD -MP -MF"Core/Src/main.d" -MT"Core/Src/main.o" --specs=nano.specs -mfpu=fpv4-sp-d16 -mfloat-abi=hard -mthumb -o "Core/Src/main.o"
arm-none-eabi-gcc -o "Autito_V1.elf" @"objects.list"   -mcpu=cortex-m4 -T"C:\Users\Sorteito\Desktop\backup_autito\STM32-Laberinto\STM32F407VGTX_FLASH.ld" --specs=nosys.specs -Wl,-Map="Autito_V1.map" -Wl,--gc-sections -static --specs=nano.specs -mfpu=fpv4-sp-d16 -mfloat-abi=hard -mthumb -Wl,--start-group -lc -lm -Wl,--end-group
Finished building target: Autito_V1.elf
 
arm-none-eabi-size  Autito_V1.elf 
arm-none-eabi-objdump -h -S Autito_V1.elf  > "Autito_V1.list"
   text	   data	    bss	    dec	    hex	filename
  49332	    124	   5068	  54524	   d4fc	Autito_V1.elf
Finished building: default.size.stdout
 
Finished building: Autito_V1.list
 
14:28:55 **** Incremental Build of configuration Debug for project Autito_V1 ****
make -j8 all 
arm-none-eabi-size  Autito_V1.elf 
   text	   data	    bss	    dec	    hex	filename
  49332	    124	   5068	  54524	   d4fc	Autito_V1.elf
Finished building: default.size.stdout
 
14:29:18 **** Incremental Build of configuration Debug for project Autito_V1 ****
make -j8 all 
arm-none-eabi-size  Autito_V1.elf 
   text	   data	    bss	    dec	    hex	filename
  49332	    124	   5068	  54524	   d4fc	Autito_V1.elf
Finished building: default.size.stdout
 
