10:16:35 **** Incremental Build of configuration Debug for project Autito_V1 ****
make -j8 all 
arm-none-eabi-gcc "../Core/Src/main.c" -mcpu=cortex-m4 -std=gnu11 -g3 -DDEBUG -DUSE_HAL_DRIVER -DSTM32F407xx -c -I../USB_HOST/App -I../USB_HOST/Target -I../Core/Inc -I../Drivers/STM32F4xx_HAL_Driver/Inc -I../Drivers/STM32F4xx_HAL_Driver/Inc/Legacy -I../Middlewares/ST/STM32_USB_Host_Library/Core/Inc -I../Middlewares/ST/STM32_USB_Host_Library/Class/CDC/Inc -I../Drivers/CMSIS/Device/ST/STM32F4xx/Include -I../Drivers/CMSIS/Include -O0 -ffunction-sections -fdata-sections -Wall -fstack-usage -fcyclomatic-complexity -MMD -MP -MF"Core/Src/main.d" -MT"Core/Src/main.o" --specs=nano.specs -mfpu=fpv4-sp-d16 -mfloat-abi=hard -mthumb -o "Core/Src/main.o"
arm-none-eabi-gcc -o "Autito_V1.elf" @"objects.list"   -mcpu=cortex-m4 -T"C:\Users\Sorteito\Desktop\backup_autito\STM32-Laberinto\STM32F407VGTX_FLASH.ld" --specs=nosys.specs -Wl,-Map="Autito_V1.map" -Wl,--gc-sections -static --specs=nano.specs -mfpu=fpv4-sp-d16 -mfloat-abi=hard -mthumb -Wl,--start-group -lc -lm -Wl,--end-group
Finished building target: Autito_V1.elf
 
arm-none-eabi-size  Autito_V1.elf 
arm-none-eabi-objdump -h -S Autito_V1.elf  > "Autito_V1.list"
   text	   data	    bss	    dec	    hex	filename
  49320	    124	   5068	  54512	   d4f0	Autito_V1.elf
Finished building: default.size.stdout
 
Finished building: Autito_V1.list
 
10:16:44 **** Incremental Build of configuration Debug for project Autito_V1 ****
make -j8 all 
arm-none-eabi-size  Autito_V1.elf 
   text	   data	    bss	    dec	    hex	filename
  49320	    124	   5068	  54512	   d4f0	Autito_V1.elf
Finished building: default.size.stdout
 
10:28:18 **** Incremental Build of configuration Debug for project Autito_V1 ****
make -j8 all 
arm-none-eabi-gcc "../Core/Src/main.c" -mcpu=cortex-m4 -std=gnu11 -g3 -DDEBUG -DUSE_HAL_DRIVER -DSTM32F407xx -c -I../USB_HOST/App -I../USB_HOST/Target -I../Core/Inc -I../Drivers/STM32F4xx_HAL_Driver/Inc -I../Drivers/STM32F4xx_HAL_Driver/Inc/Legacy -I../Middlewares/ST/STM32_USB_Host_Library/Core/Inc -I../Middlewares/ST/STM32_USB_Host_Library/Class/CDC/Inc -I../Drivers/CMSIS/Device/ST/STM32F4xx/Include -I../Drivers/CMSIS/Include -O0 -ffunction-sections -fdata-sections -Wall -fstack-usage -fcyclomatic-complexity -MMD -MP -MF"Core/Src/main.d" -MT"Core/Src/main.o" --specs=nano.specs -mfpu=fpv4-sp-d16 -mfloat-abi=hard -mthumb -o "Core/Src/main.o"
arm-none-eabi-gcc -o "Autito_V1.elf" @"objects.list"   -mcpu=cortex-m4 -T"C:\Users\Sorteito\Desktop\backup_autito\STM32-Laberinto\STM32F407VGTX_FLASH.ld" --specs=nosys.specs -Wl,-Map="Autito_V1.map" -Wl,--gc-sections -static --specs=nano.specs -mfpu=fpv4-sp-d16 -mfloat-abi=hard -mthumb -Wl,--start-group -lc -lm -Wl,--end-group
Finished building target: Autito_V1.elf
 
arm-none-eabi-size  Autito_V1.elf 
arm-none-eabi-objdump -h -S Autito_V1.elf  > "Autito_V1.list"
   text	   data	    bss	    dec	    hex	filename
  49332	    124	   5068	  54524	   d4fc	Autito_V1.elf
Finished building: default.size.stdout
 
Finished building: Autito_V1.list
 
10:33:16 **** Incremental Build of configuration Debug for project Autito_V1 ****
make -j8 all 
arm-none-eabi-size  Autito_V1.elf 
   text	   data	    bss	    dec	    hex	filename
  49332	    124	   5068	  54524	   d4fc	Autito_V1.elf
Finished building: default.size.stdout
 
10:48:40 **** Incremental Build of configuration Debug for project Autito_V1 ****
make -j8 all 
arm-none-eabi-gcc "../Core/Src/main.c" -mcpu=cortex-m4 -std=gnu11 -g3 -DDEBUG -DUSE_HAL_DRIVER -DSTM32F407xx -c -I../USB_HOST/App -I../USB_HOST/Target -I../Core/Inc -I../Drivers/STM32F4xx_HAL_Driver/Inc -I../Drivers/STM32F4xx_HAL_Driver/Inc/Legacy -I../Middlewares/ST/STM32_USB_Host_Library/Core/Inc -I../Middlewares/ST/STM32_USB_Host_Library/Class/CDC/Inc -I../Drivers/CMSIS/Device/ST/STM32F4xx/Include -I../Drivers/CMSIS/Include -O0 -ffunction-sections -fdata-sections -Wall -fstack-usage -fcyclomatic-complexity -MMD -MP -MF"Core/Src/main.d" -MT"Core/Src/main.o" --specs=nano.specs -mfpu=fpv4-sp-d16 -mfloat-abi=hard -mthumb -o "Core/Src/main.o"
arm-none-eabi-gcc -o "Autito_V1.elf" @"objects.list"   -mcpu=cortex-m4 -T"C:\Users\Sorteito\Desktop\backup_autito\STM32-Laberinto\STM32F407VGTX_FLASH.ld" --specs=nosys.specs -Wl,-Map="Autito_V1.map" -Wl,--gc-sections -static --specs=nano.specs -mfpu=fpv4-sp-d16 -mfloat-abi=hard -mthumb -Wl,--start-group -lc -lm -Wl,--end-group
Finished building target: Autito_V1.elf
 
arm-none-eabi-size  Autito_V1.elf 
arm-none-eabi-objdump -h -S Autito_V1.elf  > "Autito_V1.list"
   text	   data	    bss	    dec	    hex	filename
  49356	    124	   5068	  54548	   d514	Autito_V1.elf
Finished building: default.size.stdout
 
Finished building: Autito_V1.list
 
10:49:18 **** Incremental Build of configuration Debug for project Autito_V1 ****
make -j8 all 
arm-none-eabi-size  Autito_V1.elf 
   text	   data	    bss	    dec	    hex	filename
  49356	    124	   5068	  54548	   d514	Autito_V1.elf
Finished building: default.size.stdout
 
10:59:45 **** Incremental Build of configuration Debug for project Autito_V1 ****
make -j8 all 
arm-none-eabi-gcc "../Core/Src/main.c" -mcpu=cortex-m4 -std=gnu11 -g3 -DDEBUG -DUSE_HAL_DRIVER -DSTM32F407xx -c -I../USB_HOST/App -I../USB_HOST/Target -I../Core/Inc -I../Drivers/STM32F4xx_HAL_Driver/Inc -I../Drivers/STM32F4xx_HAL_Driver/Inc/Legacy -I../Middlewares/ST/STM32_USB_Host_Library/Core/Inc -I../Middlewares/ST/STM32_USB_Host_Library/Class/CDC/Inc -I../Drivers/CMSIS/Device/ST/STM32F4xx/Include -I../Drivers/CMSIS/Include -O0 -ffunction-sections -fdata-sections -Wall -fstack-usage -fcyclomatic-complexity -MMD -MP -MF"Core/Src/main.d" -MT"Core/Src/main.o" --specs=nano.specs -mfpu=fpv4-sp-d16 -mfloat-abi=hard -mthumb -o "Core/Src/main.o"
arm-none-eabi-gcc -o "Autito_V1.elf" @"objects.list"   -mcpu=cortex-m4 -T"C:\Users\Sorteito\Desktop\backup_autito\STM32-Laberinto\STM32F407VGTX_FLASH.ld" --specs=nosys.specs -Wl,-Map="Autito_V1.map" -Wl,--gc-sections -static --specs=nano.specs -mfpu=fpv4-sp-d16 -mfloat-abi=hard -mthumb -Wl,--start-group -lc -lm -Wl,--end-group
Finished building target: Autito_V1.elf
 
arm-none-eabi-size  Autito_V1.elf 
arm-none-eabi-objdump -h -S Autito_V1.elf  > "Autito_V1.list"
   text	   data	    bss	    dec	    hex	filename
  49332	    124	   5068	  54524	   d4fc	Autito_V1.elf
Finished building: default.size.stdout
 
Finished building: Autito_V1.list
 
11:01:50 **** Incremental Build of configuration Debug for project Autito_V1 ****
make -j8 all 
arm-none-eabi-gcc "../Core/Src/main.c" -mcpu=cortex-m4 -std=gnu11 -g3 -DDEBUG -DUSE_HAL_DRIVER -DSTM32F407xx -c -I../USB_HOST/App -I../USB_HOST/Target -I../Core/Inc -I../Drivers/STM32F4xx_HAL_Driver/Inc -I../Drivers/STM32F4xx_HAL_Driver/Inc/Legacy -I../Middlewares/ST/STM32_USB_Host_Library/Core/Inc -I../Middlewares/ST/STM32_USB_Host_Library/Class/CDC/Inc -I../Drivers/CMSIS/Device/ST/STM32F4xx/Include -I../Drivers/CMSIS/Include -O0 -ffunction-sections -fdata-sections -Wall -fstack-usage -fcyclomatic-complexity -MMD -MP -MF"Core/Src/main.d" -MT"Core/Src/main.o" --specs=nano.specs -mfpu=fpv4-sp-d16 -mfloat-abi=hard -mthumb -o "Core/Src/main.o"
arm-none-eabi-gcc -o "Autito_V1.elf" @"objects.list"   -mcpu=cortex-m4 -T"C:\Users\Sorteito\Desktop\backup_autito\STM32-Laberinto\STM32F407VGTX_FLASH.ld" --specs=nosys.specs -Wl,-Map="Autito_V1.map" -Wl,--gc-sections -static --specs=nano.specs -mfpu=fpv4-sp-d16 -mfloat-abi=hard -mthumb -Wl,--start-group -lc -lm -Wl,--end-group
Finished building target: Autito_V1.elf
 
arm-none-eabi-size  Autito_V1.elf 
arm-none-eabi-objdump -h -S Autito_V1.elf  > "Autito_V1.list"
   text	   data	    bss	    dec	    hex	filename
  49332	    124	   5068	  54524	   d4fc	Autito_V1.elf
Finished building: default.size.stdout
 
Finished building: Autito_V1.list
 
11:09:24 **** Incremental Build of configuration Debug for project Autito_V1 ****
make -j8 all 
arm-none-eabi-size  Autito_V1.elf 
   text	   data	    bss	    dec	    hex	filename
  49332	    124	   5068	  54524	   d4fc	Autito_V1.elf
Finished building: default.size.stdout
 
11:25:36 **** Incremental Build of configuration Debug for project Autito_V1 ****
make -j8 all 
arm-none-eabi-size  Autito_V1.elf 
   text	   data	    bss	    dec	    hex	filename
  49332	    124	   5068	  54524	   d4fc	Autito_V1.elf
Finished building: default.size.stdout
 
11:25:57 **** Incremental Build of configuration Debug for project Autito_V1 ****
make -j8 all 
arm-none-eabi-size  Autito_V1.elf 
   text	   data	    bss	    dec	    hex	filename
  49332	    124	   5068	  54524	   d4fc	Autito_V1.elf
Finished building: default.size.stdout
 
11:34:29 **** Incremental Build of configuration Debug for project Autito_V1 ****
make -j8 all 
arm-none-eabi-gcc "../Drivers/STM32F4xx_HAL_Driver/Src/stm32f4xx_hal_dma.c" -mcpu=cortex-m4 -std=gnu11 -g3 -DDEBUG -DUSE_HAL_DRIVER -DSTM32F407xx -c -I../USB_HOST/App -I../USB_HOST/Target -I../Core/Inc -I../Drivers/STM32F4xx_HAL_Driver/Inc -I../Drivers/STM32F4xx_HAL_Driver/Inc/Legacy -I../Middlewares/ST/STM32_USB_Host_Library/Core/Inc -I../Middlewares/ST/STM32_USB_Host_Library/Class/CDC/Inc -I../Drivers/CMSIS/Device/ST/STM32F4xx/Include -I../Drivers/CMSIS/Include -O0 -ffunction-sections -fdata-sections -Wall -fstack-usage -fcyclomatic-complexity -MMD -MP -MF"Drivers/STM32F4xx_HAL_Driver/Src/stm32f4xx_hal_dma.d" -MT"Drivers/STM32F4xx_HAL_Driver/Src/stm32f4xx_hal_dma.o" --specs=nano.specs -mfpu=fpv4-sp-d16 -mfloat-abi=hard -mthumb -o "Drivers/STM32F4xx_HAL_Driver/Src/stm32f4xx_hal_dma.o"
../Drivers/STM32F4xx_HAL_Driver/Src/stm32f4xx_hal_dma.c: In function 'HAL_DMA_Start_IT':
../Drivers/STM32F4xx_HAL_Driver/Src/stm32f4xx_hal_dma.c:479:1: error: invalid suffix "hdma" on integer constant
  479 | 67hdma->Instance->CR  |= DMA_IT_TC | DMA_IT_TE | DMA_IT_DME;
      | ^~~~~~
make: *** [Drivers/STM32F4xx_HAL_Driver/Src/subdir.mk:88: Drivers/STM32F4xx_HAL_Driver/Src/stm32f4xx_hal_dma.o] Error 1
"make -j8 all" terminated with exit code 2. Build might be incomplete.
11:34:52 **** Incremental Build of configuration Debug for project Autito_V1 ****
make -j8 all 
arm-none-eabi-gcc "../Drivers/STM32F4xx_HAL_Driver/Src/stm32f4xx_hal_dma.c" -mcpu=cortex-m4 -std=gnu11 -g3 -DDEBUG -DUSE_HAL_DRIVER -DSTM32F407xx -c -I../USB_HOST/App -I../USB_HOST/Target -I../Core/Inc -I../Drivers/STM32F4xx_HAL_Driver/Inc -I../Drivers/STM32F4xx_HAL_Driver/Inc/Legacy -I../Middlewares/ST/STM32_USB_Host_Library/Core/Inc -I../Middlewares/ST/STM32_USB_Host_Library/Class/CDC/Inc -I../Drivers/CMSIS/Device/ST/STM32F4xx/Include -I../Drivers/CMSIS/Include -O0 -ffunction-sections -fdata-sections -Wall -fstack-usage -fcyclomatic-complexity -MMD -MP -MF"Drivers/STM32F4xx_HAL_Driver/Src/stm32f4xx_hal_dma.d" -MT"Drivers/STM32F4xx_HAL_Driver/Src/stm32f4xx_hal_dma.o" --specs=nano.specs -mfpu=fpv4-sp-d16 -mfloat-abi=hard -mthumb -o "Drivers/STM32F4xx_HAL_Driver/Src/stm32f4xx_hal_dma.o"
arm-none-eabi-gcc -o "Autito_V1.elf" @"objects.list"   -mcpu=cortex-m4 -T"C:\Users\Sorteito\Desktop\backup_autito\STM32-Laberinto\STM32F407VGTX_FLASH.ld" --specs=nosys.specs -Wl,-Map="Autito_V1.map" -Wl,--gc-sections -static --specs=nano.specs -mfpu=fpv4-sp-d16 -mfloat-abi=hard -mthumb -Wl,--start-group -lc -lm -Wl,--end-group
Finished building target: Autito_V1.elf
 
arm-none-eabi-size  Autito_V1.elf 
arm-none-eabi-objdump -h -S Autito_V1.elf  > "Autito_V1.list"
   text	   data	    bss	    dec	    hex	filename
  49332	    124	   5068	  54524	   d4fc	Autito_V1.elf
Finished building: default.size.stdout
 
Finished building: Autito_V1.list
 
11:38:49 **** Incremental Build of configuration Debug for project Autito_V1 ****
make -j8 all 
arm-none-eabi-size  Autito_V1.elf 
   text	   data	    bss	    dec	    hex	filename
  49332	    124	   5068	  54524	   d4fc	Autito_V1.elf
Finished building: default.size.stdout
 
11:39:13 **** Incremental Build of configuration Debug for project Autito_V1 ****
make -j8 all 
arm-none-eabi-size  Autito_V1.elf 
   text	   data	    bss	    dec	    hex	filename
  49332	    124	   5068	  54524	   d4fc	Autito_V1.elf
Finished building: default.size.stdout
 
